Archive member included to satisfy reference by file (symbol)

./bin/lib/40/S32K148_lib/lib_S32K148_sdk.a(system_S32K148.o)
                              (--whole-archive)
./bin/lib/40/S32K148_lib/lib_S32K148_sdk.a(startup_S32K148.o)
                              (--whole-archive)
./bin/lib/40/S32K148_lib/lib_S32K148_sdk.a(adc_driver.o)
                              (--whole-archive)
./bin/lib/40/S32K148_lib/lib_S32K148_sdk.a(clock_S32K1xx.o)
                              (--whole-archive)
./bin/lib/40/S32K148_lib/lib_S32K148_sdk.a(crc_driver.o)
                              (--whole-archive)
./bin/lib/40/S32K148_lib/lib_S32K148_sdk.a(crc_hw_access.o)
                              (--whole-archive)
./bin/lib/40/S32K148_lib/lib_S32K148_sdk.a(edma_driver.o)
                              (--whole-archive)
./bin/lib/40/S32K148_lib/lib_S32K148_sdk.a(edma_hw_access.o)
                              (--whole-archive)
./bin/lib/40/S32K148_lib/lib_S32K148_sdk.a(edma_irq.o)
                              (--whole-archive)
./bin/lib/40/S32K148_lib/lib_S32K148_sdk.a(flash_driver.o)
                              (--whole-archive)
./bin/lib/40/S32K148_lib/lib_S32K148_sdk.a(flexcan_driver.o)
                              (--whole-archive)
./bin/lib/40/S32K148_lib/lib_S32K148_sdk.a(flexcan_hw_access.o)
                              (--whole-archive)
./bin/lib/40/S32K148_lib/lib_S32K148_sdk.a(flexcan_irq.o)
                              (--whole-archive)
./bin/lib/40/S32K148_lib/lib_S32K148_sdk.a(ftm_common.o)
                              (--whole-archive)
./bin/lib/40/S32K148_lib/lib_S32K148_sdk.a(ftm_hw_access.o)
                              (--whole-archive)
./bin/lib/40/S32K148_lib/lib_S32K148_sdk.a(ftm_ic_driver.o)
                              (--whole-archive)
./bin/lib/40/S32K148_lib/lib_S32K148_sdk.a(ftm_mc_driver.o)
                              (--whole-archive)
./bin/lib/40/S32K148_lib/lib_S32K148_sdk.a(ftm_oc_driver.o)
                              (--whole-archive)
./bin/lib/40/S32K148_lib/lib_S32K148_sdk.a(ftm_pwm_driver.o)
                              (--whole-archive)
./bin/lib/40/S32K148_lib/lib_S32K148_sdk.a(ftm_qd_driver.o)
                              (--whole-archive)
./bin/lib/40/S32K148_lib/lib_S32K148_sdk.a(interrupt_manager.o)
                              (--whole-archive)
./bin/lib/40/S32K148_lib/lib_S32K148_sdk.a(lpi2c_driver.o)
                              (--whole-archive)
./bin/lib/40/S32K148_lib/lib_S32K148_sdk.a(lpi2c_hw_access.o)
                              (--whole-archive)
./bin/lib/40/S32K148_lib/lib_S32K148_sdk.a(lpi2c_irq.o)
                              (--whole-archive)
./bin/lib/40/S32K148_lib/lib_S32K148_sdk.a(lpit_driver.o)
                              (--whole-archive)
./bin/lib/40/S32K148_lib/lib_S32K148_sdk.a(lpspi_hw_access.o)
                              (--whole-archive)
./bin/lib/40/S32K148_lib/lib_S32K148_sdk.a(lpspi_irq.o)
                              (--whole-archive)
./bin/lib/40/S32K148_lib/lib_S32K148_sdk.a(lpspi_master_driver.o)
                              (--whole-archive)
./bin/lib/40/S32K148_lib/lib_S32K148_sdk.a(lpspi_slave_driver.o)
                              (--whole-archive)
./bin/lib/40/S32K148_lib/lib_S32K148_sdk.a(lpspi_shared_function.o)
                              (--whole-archive)
./bin/lib/40/S32K148_lib/lib_S32K148_sdk.a(lpuart_driver.o)
                              (--whole-archive)
./bin/lib/40/S32K148_lib/lib_S32K148_sdk.a(lpuart_driver_mrs_lin.o)
                              (--whole-archive)
./bin/lib/40/S32K148_lib/lib_S32K148_sdk.a(lpuart_hw_access.o)
                              (--whole-archive)
./bin/lib/40/S32K148_lib/lib_S32K148_sdk.a(lpuart_irq.o)
                              (--whole-archive)
./bin/lib/40/S32K148_lib/lib_S32K148_sdk.a(lptmr_driver.o)
                              (--whole-archive)
./bin/lib/40/S32K148_lib/lib_S32K148_sdk.a(lptmr_hw_access.o)
                              (--whole-archive)
./bin/lib/40/S32K148_lib/lib_S32K148_sdk.a(pdb_driver.o)
                              (--whole-archive)
./bin/lib/40/S32K148_lib/lib_S32K148_sdk.a(pdb_hw_access.o)
                              (--whole-archive)
./bin/lib/40/S32K148_lib/lib_S32K148_sdk.a(pins_driver.o)
                              (--whole-archive)
./bin/lib/40/S32K148_lib/lib_S32K148_sdk.a(pins_port_hw_access.o)
                              (--whole-archive)
./bin/lib/40/S32K148_lib/lib_S32K148_sdk.a(rtc_driver.o)
                              (--whole-archive)
./bin/lib/40/S32K148_lib/lib_S32K148_sdk.a(rtc_hw_access.o)
                              (--whole-archive)
./bin/lib/40/S32K148_lib/lib_S32K148_sdk.a(rtc_irq.o)
                              (--whole-archive)
./bin/lib/40/S32K148_lib/lib_S32K148_sdk.a(wdog_driver.o)
                              (--whole-archive)
./bin/lib/40/S32K148_lib/lib_S32K148_sdk.a(wdog_hw_access.o)
                              (--whole-archive)
./bin/lib/40/S32K148_lib/lib_S32K148_sdk.a(lin_stack.o)
[...]
Memory Configuration

Name             Origin             Length             Attributes
m_text_bootloader 0x00000000         0x00010000         r
m_text_header    0x00010000         0x00001000         xr
m_interrupts     0x00011000         0x00000400         xr
m_flash_config   0x00011400         0x00000010         xr
m_text           0x00011410         0x0016ebf0         xr
m_flexram        0x14000000         0x00001000         rw
m_data           0x1ffe0000         0x00020000         rw
m_data_2         0x20000000         0x0001f000         rw
*default*        0x00000000         0xffffffff

Linker script and memory map

LOAD c:/users/viacheslav.makedon/appdata/local/applicsstudio/app-3.10.109/tools/gnuarmembedded/8.3.1/bin/../lib/gcc/arm-none-eabi/8.3.1/thumb/v7e-m+fp/hard/crti.o
LOAD c:/users/viacheslav.makedon/appdata/local/applicsstudio/app-3.10.109/tools/gnuarmembedded/8.3.1/bin/../lib/gcc/arm-none-eabi/8.3.1/thumb/v7e-m+fp/hard/crtbegin.o
LOAD c:/users/viacheslav.makedon/appdata/local/applicsstudio/app-3.10.109/tools/gnuarmembedded/8.3.1/bin/../lib/gcc/arm-none-eabi/8.3.1/../../../../arm-none-eabi/lib/thumb/v7e-m+fp/hard/crt0.o
LOAD ./bin/obj/can_db_tables.o
LOAD ./bin/obj/io_tables.o
LOAD ./bin/obj/io_variables.o
LOAD ./bin/obj/graph_code.o
LOAD ./bin/obj/graph_support.o
LOAD ./bin/obj/module_code.o
LOAD ./bin/obj/lin_db_tables.o
LOAD ./bin/obj/lin_diagnose.o
LOAD ./bin/obj/user_code.o
LOAD ./bin/obj/modulhardwarecode.o
LOAD ./bin/obj/sfl_db.o
LOAD ./bin/obj/sfl_can_db.o
LOAD ./bin/obj/sfl_can_db_tables_data.o
LOAD ./bin/obj/sfl_timer.o
LOAD ./bin/obj/sfl_math.o
LOAD ./bin/obj/sfl_bl_protocol_s32k.o
LOAD ./bin/obj/sfl_fifo.o
LOAD ./bin/obj/adc_app.o
LOAD ./bin/obj/can_app.o
LOAD ./bin/obj/ftm_app.o
LOAD ./bin/obj/irq_cfg.o
LOAD ./bin/obj/lin_app.o
LOAD ./bin/obj/main.o
LOAD ./bin/obj/sci_app.o
LOAD ./bin/obj/user_api_ai.o
LOAD ./bin/obj/user_api_can.o
LOAD ./bin/obj/user_api_eeprom.o
LOAD ./bin/obj/user_api_io.o
LOAD ./bin/obj/user_api_pwm.o
LOAD ./bin/obj/user_api_system.o
LOAD ./bin/obj/user_api_timer.o
LOAD ./bin/obj/user_api_uart.o
LOAD ./bin/obj/user_api_util.o
LOAD ./bin/lib/40/S32K148_lib/lib_S32K148_sdk.a
LOAD ./bin/lib/40/S32K148_lib/lib_S32K148_bsp_cfg.a
LOAD ./bin/lib/40/S32K148_lib/lib_S32K148_hal_impl_s32k.a
LOAD ./bin/lib/40/S32K148_lib/lib_S32K148_bl_protocol.a
LOAD c:/users/viacheslav.makedon/appdata/local/applicsstudio/app-3.10.109/tools/gnuarmembedded/8.3.1/bin/../lib/gcc/arm-none-eabi/8.3.1/../../../../arm-none-eabi/lib/thumb/v7e-m+fp/hard\libstdc++_nano.a
LOAD c:/users/viacheslav.makedon/appdata/local/applicsstudio/app-3.10.109/tools/gnuarmembedded/8.3.1/bin/../lib/gcc/arm-none-eabi/8.3.1/../../../../arm-none-eabi/lib/thumb/v7e-m+fp/hard\libm.a
START GROUP
LOAD c:/users/viacheslav.makedon/appdata/local/applicsstudio/app-3.10.109/tools/gnuarmembedded/8.3.1/bin/../lib/gcc/arm-none-eabi/8.3.1/thumb/v7e-m+fp/hard\libgcc.a
LOAD c:/users/viacheslav.makedon/appdata/local/applicsstudio/app-3.10.109/tools/gnuarmembedded/8.3.1/bin/../lib/gcc/arm-none-eabi/8.3.1/../../../../arm-none-eabi/lib/thumb/v7e-m+fp/hard\libc_nano.a
END GROUP
START GROUP
LOAD c:/users/viacheslav.makedon/appdata/local/applicsstudio/app-3.10.109/tools/gnuarmembedded/8.3.1/bin/../lib/gcc/arm-none-eabi/8.3.1/thumb/v7e-m+fp/hard\libgcc.a
LOAD c:/users/viacheslav.makedon/appdata/local/applicsstudio/app-3.10.109/tools/gnuarmembedded/8.3.1/bin/../lib/gcc/arm-none-eabi/8.3.1/../../../../arm-none-eabi/lib/thumb/v7e-m+fp/hard\libc_nano.a
LOAD c:/users/viacheslav.makedon/appdata/local/applicsstudio/app-3.10.109/tools/gnuarmembedded/8.3.1/bin/../lib/gcc/arm-none-eabi/8.3.1/../../../../arm-none-eabi/lib/thumb/v7e-m+fp/hard\libnosys.a
END GROUP
START GROUP
LOAD c:/users/viacheslav.makedon/appdata/local/applicsstudio/app-3.10.109/tools/gnuarmembedded/8.3.1/bin/../lib/gcc/arm-none-eabi/8.3.1/thumb/v7e-m+fp/hard\libgcc.a
LOAD c:/users/viacheslav.makedon/appdata/local/applicsstudio/app-3.10.109/tools/gnuarmembedded/8.3.1/bin/../lib/gcc/arm-none-eabi/8.3.1/../../../../arm-none-eabi/lib/thumb/v7e-m+fp/hard\libc_nano.a
LOAD c:/users/viacheslav.makedon/appdata/local/applicsstudio/app-3.10.109/tools/gnuarmembedded/8.3.1/bin/../lib/gcc/arm-none-eabi/8.3.1/../../../../arm-none-eabi/lib/thumb/v7e-m+fp/hard\libnosys.a
END GROUP
LOAD c:/users/viacheslav.makedon/appdata/local/applicsstudio/app-3.10.109/tools/gnuarmembedded/8.3.1/bin/../lib/gcc/arm-none-eabi/8.3.1/thumb/v7e-m+fp/hard/crtend.o
LOAD c:/users/viacheslav.makedon/appdata/local/applicsstudio/app-3.10.109/tools/gnuarmembedded/8.3.1/bin/../lib/gcc/arm-none-eabi/8.3.1/thumb/v7e-m+fp/hard/crtn.o
                0x00000400                HEAP_SIZE = DEFINED (__heap_size__)?__heap_size__:0x400
                0x00001000                STACK_SIZE = DEFINED (__stack_size__)?__stack_size__:0x1000
                0x00010000                __APP_HEADER_ADDR = 0x10000
                0x00001000                __APP_HEADER_SIZE = 0x1000
                0x0000f000                __EE_RO_FLASH_ADDR = 0xf000
                0x0000f200                __EE_CALIBR_FLASH_ADDR = 0xf200
                0x00000400                M_VECTOR_RAM_SIZE = DEFINED (__flash_vector_table__)?0x0:0x400

.APP_HEADER     0x00010000     0x1000
 *(.APP_HEADER)
 .APP_HEADER    0x00010000      0x400 ./bin/lib/40/S32K148_lib/lib_S32K148_bl_protocol.a(role_protocol_bl.o)
                0x00011000                . = ALIGN (__APP_HEADER_SIZE)
 *fill*         0x00010400      0xc00 

.interrupts     0x00011000      0x400
                0x00011000                __VECTOR_TABLE = .
                0x00011000                __interrupts_start__ = .
                0x00011000                . = ALIGN (0x4)
 *(.isr_vector)
 .isr_vector    0x00011000      0x400 ./bin/lib/40/S32K148_lib/lib_S32K148_sdk.a(startup_S32K148.o)
                0x00011000                __isr_vector
                0x00011400                __interrupts_end__ = .
                0x00011400                . = ALIGN (0x4)

.flash_config   0x00011400       0x10
                0x00011400                . = ALIGN (0x4)
 *(.FlashConfig)
 .FlashConfig   0x00011400       0x10 ./bin/lib/40/S32K148_lib/lib_S32K148_sdk.a(startup_S32K148.o)
                0x00011410                . = ALIGN (0x4)

.text           0x00011410    0x10fd0
                0x00011410                . = ALIGN (0x4)
 *(.text)
 .text          0x00011410       0x40 c:/users/viacheslav.makedon/appdata/local/applicsstudio/app-3.10.109/tools/gnuarmembedded/8.3.1/bin/../lib/gcc/arm-none-eabi/8.3.1/thumb/v7e-m+fp/hard/crtbegin.o
 .text          0x00011450       0x4c ./bin/lib/40/S32K148_lib/lib_S32K148_sdk.a(startup_S32K148.o)
                0x00011450                Reset_Handler
                0x00011498                DebugMon_Handler
                0x00011498                HardFault_Handler
                0x00011498                Reserved103_IRQHandler
                0x00011498                Reserved50_IRQHandler
                0x00011498                FTFC_Fault_IRQHandler
                0x00011498                Reserved114_IRQHandler
                0x00011498                PendSV_Handler
                0x00011498                NMI_Handler
                0x00011498                ERM_double_fault_IRQHandler
                0x00011498                Reserved59_IRQHandler
                0x00011498                LPIT0_Ch0_IRQHandler
                0x00011498                Reserved99_IRQHandler
                0x00011498                LPIT0_Ch3_IRQHandler
                0x00011498                SWI_IRQHandler
                0x00011498                ADC0_IRQHandler
                0x00011498                UsageFault_Handler
                0x00011498                FTM4_Fault_IRQHandler
                0x00011498                DefaultISR
                0x00011498                Reserved58_IRQHandler
                0x00011498                FTM7_Fault_IRQHandler
                0x00011498                Reserved82_IRQHandler
                0x00011498                PORTD_IRQHandler
                0x00011498                SAI1_Rx_IRQHandler
                0x00011498                Reserved69_IRQHandler
                0x00011498                PORTB_IRQHandler
                0x00011498                Reserved70_IRQHandler
                0x00011498                Reserved53_IRQHandler
                0x00011498                PDB0_IRQHandler
                0x00011498                Reserved54_IRQHandler
                0x00011498                FTM6_Fault_IRQHandler
                0x00011498                LPUART1_RxTx_IRQHandler
                0x00011498                Reserved110_IRQHandler
                0x00011498                Reserved107_IRQHandler
                0x00011498                ENET_TIMER_IRQHandler
                0x00011498                Read_Collision_IRQHandler
                0x00011498                FTFC_IRQHandler
                0x00011498                FTM5_Fault_IRQHandler
                0x00011498                LPIT0_Ch1_IRQHandler
                0x00011498                SAI0_Tx_IRQHandler
                0x00011498                LPUART2_RxTx_IRQHandler
                0x00011498                WDOG_EWM_IRQHandler
                0x00011498                MemManage_Handler
                0x00011498                Reserved83_IRQHandler
                0x00011498                FTM0_Fault_IRQHandler
                0x00011498                Reserved48_IRQHandler
                0x00011498                SVC_Handler
                0x00011498                ENET_TX_IRQHandler
                0x00011498                ERM_single_fault_IRQHandler
                0x00011498                FTM2_Fault_IRQHandler
                0x00011498                FTM3_Fault_IRQHandler
                0x00011498                RCM_IRQHandler
                0x00011498                Reserved100_IRQHandler
                0x00011498                SAI0_Rx_IRQHandler
                0x00011498                SCG_IRQHandler
                0x00011498                PDB1_IRQHandler
                0x00011498                ENET_WAKE_IRQHandler
                0x00011498                FTM1_Fault_IRQHandler
                0x00011498                Reserved106_IRQHandler
                0x00011498                ENET_ERR_IRQHandler
                0x00011498                LVD_LVW_IRQHandler
                0x00011498                ENET_STOP_IRQHandler
                0x00011498                ENET_RX_IRQHandler
                0x00011498                LPIT0_Ch2_IRQHandler
                0x00011498                PORTA_IRQHandler
                0x00011498                MCM_IRQHandler
                0x00011498                PORTE_IRQHandler
                0x00011498                LPUART0_RxTx_IRQHandler
                0x00011498                LPTMR0_IRQHandler
                0x00011498                BusFault_Handler
                0x00011498                QSPI_IRQHandler
                0x00011498                CMP0_IRQHandler
                0x00011498                Reserved52_IRQHandler
                0x00011498                PORTC_IRQHandler
                0x00011498                FLEXIO_IRQHandler
                0x00011498                SAI1_Tx_IRQHandler
                0x00011498                Reserved113_IRQHandler
 .text          0x0001149c      0x378 c:/users/viacheslav.makedon/appdata/local/applicsstudio/app-3.10.109/tools/gnuarmembedded/8.3.1/bin/../lib/gcc/arm-none-eabi/8.3.1/thumb/v7e-m+fp/hard\libgcc.a(_arm_addsubdf3.o)
                0x0001149c                __aeabi_drsub
                0x000114a4                __aeabi_dsub
                0x000114a4                __subdf3
                0x000114a8                __aeabi_dadd
                0x000114a8                __adddf3
                0x00011720                __floatunsidf
                0x00011720                __aeabi_ui2d
                0x00011740                __floatsidf
                0x00011740                __aeabi_i2d
                0x00011764                __aeabi_f2d
                0x00011764                __extendsfdf2
                0x000117a8                __floatundidf
                0x000117a8                __aeabi_ul2d
                0x000117b8                __floatdidf
                0x000117b8                __aeabi_l2d
 .text          0x00011814      0x424 c:/users/viacheslav.makedon/appdata/local/applicsstudio/app-3.10.109/tools/gnuarmembedded/8.3.1/bin/../lib/gcc/arm-none-eabi/8.3.1/thumb/v7e-m+fp/hard\libgcc.a(_arm_muldivdf3.o)
                0x00011814                __aeabi_dmul
                0x00011814                __muldf3
                0x00011a68                __divdf3
                0x00011a68                __aeabi_ddiv
 .text          0x00011c38       0x40 c:/users/viacheslav.makedon/appdata/local/applicsstudio/app-3.10.109/tools/gnuarmembedded/8.3.1/bin/../lib/gcc/arm-none-eabi/8.3.1/thumb/v7e-m+fp/hard\libgcc.a(_arm_fixunsdfsi.o)
                0x00011c38                __aeabi_d2uiz
                0x00011c38                __fixunsdfsi
 .text          0x00011c78       0x10 c:/users/viacheslav.makedon/appdata/local/applicsstudio/app-3.10.109/tools/gnuarmembedded/8.3.1/bin/../lib/gcc/arm-none-eabi/8.3.1/../../../../arm-none-eabi/lib/thumb/v7e-m+fp/hard\libc_nano.a(lib_a-strlen.o)
                0x00011c78                strlen
 *(.text*)
 .text.graphcode_init
                0x00011c88        0x2 ./bin/obj/graph_code.o
                0x00011c88                graphcode_init
 .text.graphcode
                0x00011c8a        0x2 ./bin/obj/graph_code.o
                0x00011c8a                graphcode
 .text.usercode_init
                0x00011c8c       0x50 ./bin/obj/user_code.o
                0x00011c8c                usercode_init
 .text.usercode
                0x00011cdc       0x78 ./bin/obj/user_code.o
                0x00011cdc                usercode
 .text.user_can_receive_msg_callback
                0x00011d54        0x2 ./bin/obj/user_code.o
                0x00011d54                user_can_receive_msg_callback
 .text.user_int_timer_1ms
                0x00011d56        0x2 ./bin/obj/user_code.o
                0x00011d56                user_int_timer_1ms
 .text.modulhardwarecode_init
                0x00011d58       0x3c ./bin/obj/modulhardwarecode.o
                0x00011d58                modulhardwarecode_init
 .text.modulhardwarecode_adc_multiplex
                0x00011d94       0xfc ./bin/obj/modulhardwarecode.o
                0x00011d94                modulhardwarecode_adc_multiplex
 .text.modulhardwarecode_cyclic
                0x00011e90       0x50 ./bin/obj/modulhardwarecode.o
                0x00011e90                modulhardwarecode_cyclic
 .text.sfl_db_change_intel_to_motorola_32_bit
                0x00011ee0       0x18 ./bin/obj/sfl_db.o
                0x00011ee0                sfl_db_change_intel_to_motorola_32_bit
 .text.sfl_db_put_signal_value_to_data_block
                0x00011ef8       0xc2 ./bin/obj/sfl_db.o
                0x00011ef8                sfl_db_put_signal_value_to_data_block
 .text.sfl_db_get_signal_value_from_data_block
                0x00011fba       0x92 ./bin/obj/sfl_db.o
                0x00011fba                sfl_db_get_signal_value_from_data_block
 .text.sfl_can_db_rx_fifo_init
                0x0001204c       0x40 ./bin/obj/sfl_can_db.o
                0x0001204c                sfl_can_db_rx_fifo_init
 .text.sfl_can_db_tx_fifo_init
                0x0001208c       0x40 ./bin/obj/sfl_can_db.o
                0x0001208c                sfl_can_db_tx_fifo_init
 .text.sfl_can_db_tx_callback
                0x000120cc       0x4c ./bin/obj/sfl_can_db.o
                0x000120cc                sfl_can_db_tx_callback
 .text.sfl_can_db_tx_fifo_cyclic
                0x00012118       0x3c ./bin/obj/sfl_can_db.o
                0x00012118                sfl_can_db_tx_fifo_cyclic
 .text.sfl_os_can_copy_msg
                0x00012154       0x52 ./bin/obj/sfl_can_db.o
                0x00012154                sfl_os_can_copy_msg
 *fill*         0x000121a6        0x2 
 .text.sfl_can_db_rx_wrapper
                0x000121a8       0x44 ./bin/obj/sfl_can_db.o
                0x000121a8                sfl_can_db_rx_wrapper
 .text.sfl_can_db_tx_wrapper
                0x000121ec       0x60 ./bin/obj/sfl_can_db.o
                0x000121ec                sfl_can_db_tx_wrapper
 .text.sfl_can_input_block_to_db
                0x0001224c      0x170 ./bin/obj/sfl_can_db.o
                0x0001224c                sfl_can_input_block_to_db
 .text.sfl_can_queue_in_process
                0x000123bc       0x88 ./bin/obj/sfl_can_db.o
                0x000123bc                sfl_can_queue_in_process
 .text.sfl_can_db_output_to_bus
                0x00012444      0x1c4 ./bin/obj/sfl_can_db.o
                0x00012444                sfl_can_db_output_to_bus
 .text.sfl_can_send_message
                0x00012608       0x68 ./bin/obj/sfl_can_db.o
                0x00012608                sfl_can_send_message
 .text.set_callback_can_msg_receive
                0x00012670        0xc ./bin/obj/sfl_can_db.o
                0x00012670                set_callback_can_msg_receive
 .text.sfl_can_db_tables_data_init_baudrate
                0x0001267c       0xd0 ./bin/obj/sfl_can_db_tables_data.o
                0x0001267c                sfl_can_db_tables_data_init_baudrate
 .text.sfl_can_db_tables_data_init
                0x0001274c       0x6c ./bin/obj/sfl_can_db_tables_data.o
                0x0001274c                sfl_can_db_tables_data_init
 .text.sfl_can_rx_int_enable
                0x000127b8       0x24 ./bin/obj/sfl_can_db_tables_data.o
                0x000127b8                sfl_can_rx_int_enable
 .text.sfl_can_get_handle
                0x000127dc       0x28 ./bin/obj/sfl_can_db_tables_data.o
                0x000127dc                sfl_can_get_handle
 .text.sfl_can_db_fifo_init
                0x00012804       0x60 ./bin/obj/sfl_can_db_tables_data.o
                0x00012804                sfl_can_db_fifo_init
 .text.sfl_can_db_config_mb_set_filter_mask
                0x00012864       0x50 ./bin/obj/sfl_can_db_tables_data.o
                0x00012864                sfl_can_db_config_mb_set_filter_mask
 .text.sfl_can_db_init
                0x000128b4      0x120 ./bin/obj/sfl_can_db_tables_data.o
                0x000128b4                sfl_can_db_init
 .text.sfl_can_db_get_fifo_size
                0x000129d4       0x54 ./bin/obj/sfl_can_db_tables_data.o
                0x000129d4                sfl_can_db_get_fifo_size
 .text.sfl_timer_set_timestamp
                0x00012a28       0x20 ./bin/obj/sfl_timer.o
                0x00012a28                sfl_timer_set_timestamp
 .text.sfl_timer_get_time_elapsed
                0x00012a48       0x3e ./bin/obj/sfl_timer.o
                0x00012a48                sfl_timer_get_time_elapsed
 .text.sfl_timer_time_elapsed
                0x00012a86       0x42 ./bin/obj/sfl_timer.o
                0x00012a86                sfl_timer_time_elapsed
 .text.os_util_lookup1D
                0x00012ac8      0x108 ./bin/obj/sfl_math.o
                0x00012ac8                os_util_lookup1D
 .text.sfl_bl_protocol_s32k_transfer_msg_to_protocol
                0x00012bd0       0x50 ./bin/obj/sfl_bl_protocol_s32k.o
 .text.sfl_bl_protocol_s32k_init
                0x00012c20       0x18 ./bin/obj/sfl_bl_protocol_s32k.o
                0x00012c20                sfl_bl_protocol_s32k_init
 .text.sfl_bl_protocol_s32k_is_msg_for_bl
                0x00012c38       0x1e ./bin/obj/sfl_bl_protocol_s32k.o
                0x00012c38                sfl_bl_protocol_s32k_is_msg_for_bl
 .text.sfl_bl_protocol_s32k_cyclic
                0x00012c56        0xa ./bin/obj/sfl_bl_protocol_s32k.o
                0x00012c56                sfl_bl_protocol_s32k_cyclic
 .text.sfl_bl_protocol_s32k_process_rx_msg
                0x00012c60        0xe ./bin/obj/sfl_bl_protocol_s32k.o
                0x00012c60                sfl_bl_protocol_s32k_process_rx_msg
 *fill*         0x00012c6e        0x2 
 .text.sfl_bl_protocol_s32k_rx_tx_init
                0x00012c70       0xdc ./bin/obj/sfl_bl_protocol_s32k.o
                0x00012c70                sfl_bl_protocol_s32k_rx_tx_init
 .text.sfl_bl_protocol_s32k_set_baudrate
                0x00012d4c      0x1a4 ./bin/obj/sfl_bl_protocol_s32k.o
                0x00012d4c                sfl_bl_protocol_s32k_set_baudrate
 .text.sfl_fifo_init
                0x00012ef0       0x28 ./bin/obj/sfl_fifo.o
                0x00012ef0                sfl_fifo_init
 .text.sfl_fifo_put
                0x00012f18       0x58 ./bin/obj/sfl_fifo.o
                0x00012f18                sfl_fifo_put
 .text.sfl_fifo_get
                0x00012f70       0x52 ./bin/obj/sfl_fifo.o
                0x00012f70                sfl_fifo_get
 .text.sfl_fifo_get_preview
                0x00012fc2       0x34 ./bin/obj/sfl_fifo.o
                0x00012fc2                sfl_fifo_get_preview
 *fill*         0x00012ff6        0x2 
 .text.pdb_init
                0x00012ff8       0xec ./bin/obj/adc_app.o
                0x00012ff8                pdb_init
 .text.ADC_init
                0x000130e4       0xa8 ./bin/obj/adc_app.o
                0x000130e4                ADC_init
 .text.ADC_IRQHandler
                0x0001318c       0x50 ./bin/obj/adc_app.o
                0x0001318c                ADC_IRQHandler
 .text.ADC1_IRQHandler
                0x000131dc        0xc ./bin/obj/adc_app.o
                0x000131dc                ADC1_IRQHandler
 .text.ADC2_IRQHandler
                0x000131e8        0xc ./bin/obj/adc_app.o
                0x000131e8                ADC2_IRQHandler
 .text.adc_get_counter
                0x000131f4       0x20 ./bin/obj/adc_app.o
                0x000131f4                adc_get_counter
 .text.adc_copy_results_from_interrupt
                0x00013214       0x60 ./bin/obj/adc_app.o
                0x00013214                adc_copy_results_from_interrupt
 .text.adc_processing
                0x00013274      0x158 ./bin/obj/adc_app.o
                0x00013274                adc_processing
 .text.CAN_Callback
                0x000133cc       0x3c ./bin/obj/can_app.o
                0x000133cc                CAN_Callback
 .text.CAN2_Callback
                0x00013408       0x3c ./bin/obj/can_app.o
                0x00013408                CAN2_Callback
 .text.CAN3_Callback
                0x00013444       0x3c ./bin/obj/can_app.o
                0x00013444                CAN3_Callback
 .text.CAN_Callback_Error
                0x00013480       0xdc ./bin/obj/can_app.o
                0x00013480                CAN_Callback_Error
 .text.ext_get_filter_and_mask
                0x0001355c       0x1c ./bin/obj/can_app.o
                0x0001355c                ext_get_filter_and_mask
 .text.user_can_init
                0x00013578      0x1ec ./bin/obj/can_app.o
                0x00013578                user_can_init
 .text.change_pin_to_ftm
                0x00013764        0x4 ./bin/obj/ftm_app.o
                0x00013764                change_pin_to_ftm
 .text.FTM_IRQHandler
                0x00013768       0x64 ./bin/obj/ftm_app.o
                0x00013768                FTM_IRQHandler
 .text.FTM0_IRQHandler
                0x000137cc       0x14 ./bin/obj/ftm_app.o
                0x000137cc                FTM0_IRQHandler
 .text.FTM1_IRQHandler
                0x000137e0       0x14 ./bin/obj/ftm_app.o
                0x000137e0                FTM1_IRQHandler
 .text.FTM2_IRQHandler
                0x000137f4       0x14 ./bin/obj/ftm_app.o
                0x000137f4                FTM2_IRQHandler
 .text.FTM3_IRQHandler
                0x00013808       0x14 ./bin/obj/ftm_app.o
                0x00013808                FTM3_IRQHandler
 .text.FTM4_IRQHandler
                0x0001381c       0x14 ./bin/obj/ftm_app.o
                0x0001381c                FTM4_IRQHandler
 .text.FTM5_IRQHandler
                0x00013830       0x14 ./bin/obj/ftm_app.o
                0x00013830                FTM5_IRQHandler
 .text.FTM6_IRQHandler
                0x00013844       0x14 ./bin/obj/ftm_app.o
                0x00013844                FTM6_IRQHandler
 .text.FTM7_IRQHandler
                0x00013858       0x14 ./bin/obj/ftm_app.o
                0x00013858                FTM7_IRQHandler
 .text.lin_init_all
                0x0001386c        0x2 ./bin/obj/lin_app.o
                0x0001386c                lin_init_all
 .text.lin_cyclic
                0x0001386e        0x2 ./bin/obj/lin_app.o
                0x0001386e                lin_cyclic
 .text.supporting_driver_init
                0x00013870       0x2c ./bin/obj/main.o
                0x00013870                supporting_driver_init
 .text.main     0x0001389c       0xcc ./bin/obj/main.o
                0x0001389c                main
 .text.user_can_msg_send
                0x00013968       0x74 ./bin/obj/user_api_can.o
                0x00013968                user_can_msg_send
 .text.user_eeprom_read_raw
                0x000139dc       0x26 ./bin/obj/user_api_eeprom.o
                0x000139dc                user_eeprom_read_raw
 .text.user_eeprom_write_raw
                0x00013a02       0x24 ./bin/obj/user_api_eeprom.o
                0x00013a02                user_eeprom_write_raw
 .text.user_eeprom_read
                0x00013a26       0x16 ./bin/obj/user_api_eeprom.o
                0x00013a26                user_eeprom_read
 .text.user_eeprom_write
                0x00013a3c       0x16 ./bin/obj/user_api_eeprom.o
                0x00013a3c                user_eeprom_write
 *fill*         0x00013a52        0x2 
 .text.SystemInit
                0x00013a54       0x4c ./bin/lib/40/S32K148_lib/lib_S32K148_sdk.a(system_S32K148.o)
                0x00013a54                SystemInit
 .text.SystemCoreClockUpdate
                0x00013aa0       0x84 ./bin/lib/40/S32K148_lib/lib_S32K148_sdk.a(system_S32K148.o)
                0x00013aa0                SystemCoreClockUpdate
 .text.SystemSoftwareReset
                0x00013b24       0x18 ./bin/lib/40/S32K148_lib/lib_S32K148_sdk.a(system_S32K148.o)
                0x00013b24                SystemSoftwareReset
 .text.ADC_DRV_ConfigConverter
                0x00013b3c      0x188 ./bin/lib/40/S32K148_lib/lib_S32K148_sdk.a(adc_driver.o)
                0x00013b3c                ADC_DRV_ConfigConverter
 .text.ADC_DRV_ConfigChan
                0x00013cc4       0x5c ./bin/lib/40/S32K148_lib/lib_S32K148_sdk.a(adc_driver.o)
                0x00013cc4                ADC_DRV_ConfigChan
 .text.ADC_DRV_GetChanResult
                0x00013d20       0x18 ./bin/lib/40/S32K148_lib/lib_S32K148_sdk.a(adc_driver.o)
                0x00013d20                ADC_DRV_GetChanResult
 .text.ADC_DRV_AutoCalibration
                0x00013d38      0x154 ./bin/lib/40/S32K148_lib/lib_S32K148_sdk.a(adc_driver.o)
                0x00013d38                ADC_DRV_AutoCalibration
 .text.CLOCK_SYS_GetCurrentRunMode
                0x00013e8c       0x24 ./bin/lib/40/S32K148_lib/lib_S32K148_sdk.a(clock_S32K1xx.o)
 .text.CLOCK_SYS_GetSysOscFreq
                0x00013eb0       0x1c ./bin/lib/40/S32K148_lib/lib_S32K148_sdk.a(clock_S32K1xx.o)
 .text.CLOCK_SYS_ConfigureSOSC
                0x00013ecc      0x12c ./bin/lib/40/S32K148_lib/lib_S32K148_sdk.a(clock_S32K1xx.o)
 .text.CLOCK_SYS_GetSircFreq
                0x00013ff8       0x28 ./bin/lib/40/S32K148_lib/lib_S32K148_sdk.a(clock_S32K1xx.o)
 .text.CLOCK_SYS_ConfigureSIRC
                0x00014020       0xc4 ./bin/lib/40/S32K148_lib/lib_S32K148_sdk.a(clock_S32K1xx.o)
 .text.CLOCK_SYS_GetFircFreq
                0x000140e4       0x1c ./bin/lib/40/S32K148_lib/lib_S32K148_sdk.a(clock_S32K1xx.o)
 .text.CLOCK_SYS_ConfigureFIRC
                0x00014100       0xb8 ./bin/lib/40/S32K148_lib/lib_S32K148_sdk.a(clock_S32K1xx.o)
 .text.CLOCK_SYS_GetSysPllFreq
                0x000141b8       0x44 ./bin/lib/40/S32K148_lib/lib_S32K148_sdk.a(clock_S32K1xx.o)
 .text.CLOCK_SYS_ConfigureSPLL
                0x000141fc      0x104 ./bin/lib/40/S32K148_lib/lib_S32K148_sdk.a(clock_S32K1xx.o)
 .text.CLOCK_SYS_SetSystemClockConfig
                0x00014300      0x1c8 ./bin/lib/40/S32K148_lib/lib_S32K148_sdk.a(clock_S32K1xx.o)
 .text.CLOCK_SYS_TransitionSystemClock
                0x000144c8       0x3c ./bin/lib/40/S32K148_lib/lib_S32K148_sdk.a(clock_S32K1xx.o)
 .text.CLOCK_SYS_GetSystemClockFreq
                0x00014504       0x78 ./bin/lib/40/S32K148_lib/lib_S32K148_sdk.a(clock_S32K1xx.o)
 .text.CLOCK_SYS_GetQspiIpgClk
                0x0001457c       0x28 ./bin/lib/40/S32K148_lib/lib_S32K148_sdk.a(clock_S32K1xx.o)
 .text.CLOCK_SYS_GetScgClkOutFreq
                0x000145a4       0x44 ./bin/lib/40/S32K148_lib/lib_S32K148_sdk.a(clock_S32K1xx.o)
 .text.CLOCK_SYS_GetSysAsyncFreq
                0x000145e8       0xd0 ./bin/lib/40/S32K148_lib/lib_S32K148_sdk.a(clock_S32K1xx.o)
 .text.CLOCK_SYS_GetSimRtcClkFreq
                0x000146b8       0x50 ./bin/lib/40/S32K148_lib/lib_S32K148_sdk.a(clock_S32K1xx.o)
 .text.CLOCK_SYS_GetQSPIInternalReferenceClock
                0x00014708       0x38 ./bin/lib/40/S32K148_lib/lib_S32K148_sdk.a(clock_S32K1xx.o)
 .text.CLOCK_SYS_GetPeripheralClock
                0x00014740       0x78 ./bin/lib/40/S32K148_lib/lib_S32K148_sdk.a(clock_S32K1xx.o)
 .text.CLOCK_SYS_GetLpoFreq
                0x000147b8       0x44 ./bin/lib/40/S32K148_lib/lib_S32K148_sdk.a(clock_S32K1xx.o)
 .text.CLOCK_SYS_GetSimClkOutFreq
                0x000147fc       0xc0 ./bin/lib/40/S32K148_lib/lib_S32K148_sdk.a(clock_S32K1xx.o)
 .text.CLOCK_DRV_Init
                0x000148bc      0x5a8 ./bin/lib/40/S32K148_lib/lib_S32K148_sdk.a(clock_S32K1xx.o)
                0x000148bc                CLOCK_DRV_Init
 .text.CLOCK_DRV_GetFreq
                0x00014e64      0x498 ./bin/lib/40/S32K148_lib/lib_S32K148_sdk.a(clock_S32K1xx.o)
                0x00014e64                CLOCK_DRV_GetFreq
 .text.CLOCK_SYS_Init
                0x000152fc       0x1c ./bin/lib/40/S32K148_lib/lib_S32K148_sdk.a(clock_S32K1xx.o)
                0x000152fc                CLOCK_SYS_Init
 .text.CLOCK_SYS_UpdateConfiguration
                0x00015318       0xf0 ./bin/lib/40/S32K148_lib/lib_S32K148_sdk.a(clock_S32K1xx.o)
                0x00015318                CLOCK_SYS_UpdateConfiguration
 .text.CLOCK_SYS_GetFreq
                0x00015408        0x8 ./bin/lib/40/S32K148_lib/lib_S32K148_sdk.a(clock_S32K1xx.o)
                0x00015408                CLOCK_SYS_GetFreq
 .text.EDMA_DRV_ClearStructure
                0x00015410       0x10 ./bin/lib/40/S32K148_lib/lib_S32K148_sdk.a(edma_driver.o)
 .text.EDMA_DRV_IRQHandler
                0x00015420       0x2c ./bin/lib/40/S32K148_lib/lib_S32K148_sdk.a(edma_driver.o)
                0x00015420                EDMA_DRV_IRQHandler
 .text.EDMA_DRV_ErrorIRQHandler
                0x0001544c       0x3c ./bin/lib/40/S32K148_lib/lib_S32K148_sdk.a(edma_driver.o)
                0x0001544c                EDMA_DRV_ErrorIRQHandler
 .text.EDMA_DRV_ConfigSingleBlockTransfer
                0x00015488      0x138 ./bin/lib/40/S32K148_lib/lib_S32K148_sdk.a(edma_driver.o)
                0x00015488                EDMA_DRV_ConfigSingleBlockTransfer
 .text.EDMA_DRV_ConfigMultiBlockTransfer
                0x000155c0       0x64 ./bin/lib/40/S32K148_lib/lib_S32K148_sdk.a(edma_driver.o)
                0x000155c0                EDMA_DRV_ConfigMultiBlockTransfer
 .text.EDMA_DRV_StartChannel
                0x00015624       0x18 ./bin/lib/40/S32K148_lib/lib_S32K148_sdk.a(edma_driver.o)
                0x00015624                EDMA_DRV_StartChannel
 .text.EDMA_DRV_StopChannel
                0x0001563c       0x18 ./bin/lib/40/S32K148_lib/lib_S32K148_sdk.a(edma_driver.o)
                0x0001563c                EDMA_DRV_StopChannel
 .text.EDMA_DRV_SetChannelRequestAndTrigger
                0x00015654       0x44 ./bin/lib/40/S32K148_lib/lib_S32K148_sdk.a(edma_driver.o)
                0x00015654                EDMA_DRV_SetChannelRequestAndTrigger
 .text.EDMA_DRV_ChannelInit
                0x00015698       0xa0 ./bin/lib/40/S32K148_lib/lib_S32K148_sdk.a(edma_driver.o)
                0x00015698                EDMA_DRV_ChannelInit
 .text.EDMA_DRV_Init
                0x00015738       0xa8 ./bin/lib/40/S32K148_lib/lib_S32K148_sdk.a(edma_driver.o)
                0x00015738                EDMA_DRV_Init
 .text.EDMA_DRV_SetSrcLastAddrAdjustment
                0x000157e0       0x16 ./bin/lib/40/S32K148_lib/lib_S32K148_sdk.a(edma_driver.o)
                0x000157e0                EDMA_DRV_SetSrcLastAddrAdjustment
 *fill*         0x000157f6        0x2 
 .text.EDMA_DRV_GetDmaRegBaseAddr
                0x000157f8        0x8 ./bin/lib/40/S32K148_lib/lib_S32K148_sdk.a(edma_driver.o)
                0x000157f8                EDMA_DRV_GetDmaRegBaseAddr
 .text.EDMA_SetErrorIntCmd
                0x00015800        0xa ./bin/lib/40/S32K148_lib/lib_S32K148_sdk.a(edma_hw_access.o)
                0x00015800                EDMA_SetErrorIntCmd
 .text.EDMA_SetDmaRequestCmd
                0x0001580a        0xa ./bin/lib/40/S32K148_lib/lib_S32K148_sdk.a(edma_hw_access.o)
                0x0001580a                EDMA_SetDmaRequestCmd
 .text.EDMA_TCDClearReg
                0x00015814       0x4a ./bin/lib/40/S32K148_lib/lib_S32K148_sdk.a(edma_hw_access.o)
                0x00015814                EDMA_TCDClearReg
 .text.EDMA_Init
                0x0001585e       0x22 ./bin/lib/40/S32K148_lib/lib_S32K148_sdk.a(edma_hw_access.o)
                0x0001585e                EDMA_Init
 .text.EDMA_TCDSetAttribute
                0x00015880       0x30 ./bin/lib/40/S32K148_lib/lib_S32K148_sdk.a(edma_hw_access.o)
                0x00015880                EDMA_TCDSetAttribute
 .text.EDMA_TCDSetNbytes
                0x000158b0       0x5c ./bin/lib/40/S32K148_lib/lib_S32K148_sdk.a(edma_hw_access.o)
                0x000158b0                EDMA_TCDSetNbytes
 .text.EDMA_TCDSetMajorCount
                0x0001590c       0x5e ./bin/lib/40/S32K148_lib/lib_S32K148_sdk.a(edma_hw_access.o)
                0x0001590c                EDMA_TCDSetMajorCount
 .text.DMAMUX_Init
                0x0001596a        0xe ./bin/lib/40/S32K148_lib/lib_S32K148_sdk.a(edma_hw_access.o)
                0x0001596a                DMAMUX_Init
 .text.DMA0_IRQHandler
                0x00015978        0xa ./bin/lib/40/S32K148_lib/lib_S32K148_sdk.a(edma_irq.o)
                0x00015978                DMA0_IRQHandler
 .text.DMA1_IRQHandler
                0x00015982        0xa ./bin/lib/40/S32K148_lib/lib_S32K148_sdk.a(edma_irq.o)
                0x00015982                DMA1_IRQHandler
 .text.DMA2_IRQHandler
                0x0001598c        0xa ./bin/lib/40/S32K148_lib/lib_S32K148_sdk.a(edma_irq.o)
                0x0001598c                DMA2_IRQHandler
 .text.DMA3_IRQHandler
                0x00015996        0xa ./bin/lib/40/S32K148_lib/lib_S32K148_sdk.a(edma_irq.o)
                0x00015996                DMA3_IRQHandler
 .text.DMA4_IRQHandler
                0x000159a0        0xa ./bin/lib/40/S32K148_lib/lib_S32K148_sdk.a(edma_irq.o)
                0x000159a0                DMA4_IRQHandler
 .text.DMA5_IRQHandler
                0x000159aa        0xa ./bin/lib/40/S32K148_lib/lib_S32K148_sdk.a(edma_irq.o)
                0x000159aa                DMA5_IRQHandler
 .text.DMA6_IRQHandler
                0x000159b4        0xa ./bin/lib/40/S32K148_lib/lib_S32K148_sdk.a(edma_irq.o)
                0x000159b4                DMA6_IRQHandler
 .text.DMA7_IRQHandler
                0x000159be        0xa ./bin/lib/40/S32K148_lib/lib_S32K148_sdk.a(edma_irq.o)
                0x000159be                DMA7_IRQHandler
 .text.DMA8_IRQHandler
                0x000159c8        0xa ./bin/lib/40/S32K148_lib/lib_S32K148_sdk.a(edma_irq.o)
                0x000159c8                DMA8_IRQHandler
 .text.DMA9_IRQHandler
                0x000159d2        0xa ./bin/lib/40/S32K148_lib/lib_S32K148_sdk.a(edma_irq.o)
                0x000159d2                DMA9_IRQHandler
 .text.DMA10_IRQHandler
                0x000159dc        0xa ./bin/lib/40/S32K148_lib/lib_S32K148_sdk.a(edma_irq.o)
                0x000159dc                DMA10_IRQHandler
 .text.DMA11_IRQHandler
                0x000159e6        0xa ./bin/lib/40/S32K148_lib/lib_S32K148_sdk.a(edma_irq.o)
                0x000159e6                DMA11_IRQHandler
 .text.DMA12_IRQHandler
                0x000159f0        0xa ./bin/lib/40/S32K148_lib/lib_S32K148_sdk.a(edma_irq.o)
                0x000159f0                DMA12_IRQHandler
 .text.DMA13_IRQHandler
                0x000159fa        0xa ./bin/lib/40/S32K148_lib/lib_S32K148_sdk.a(edma_irq.o)
                0x000159fa                DMA13_IRQHandler
 .text.DMA14_IRQHandler
                0x00015a04        0xa ./bin/lib/40/S32K148_lib/lib_S32K148_sdk.a(edma_irq.o)
                0x00015a04                DMA14_IRQHandler
 .text.DMA15_IRQHandler
                0x00015a0e        0xa ./bin/lib/40/S32K148_lib/lib_S32K148_sdk.a(edma_irq.o)
                0x00015a0e                DMA15_IRQHandler
 .text.DMA_Error_IRQHandler
                0x00015a18       0x28 ./bin/lib/40/S32K148_lib/lib_S32K148_sdk.a(edma_irq.o)
                0x00015a18                DMA_Error_IRQHandler
 .text.FLASH_DRV_Init
                0x00015a40       0xd8 ./bin/lib/40/S32K148_lib/lib_S32K148_sdk.a(flash_driver.o)
                0x00015a40                FLASH_DRV_Init
 .text.FLASH_DRV_Program
                0x00015b18       0xb4 ./bin/lib/40/S32K148_lib/lib_S32K148_sdk.a(flash_driver.o)
                0x00015b18                FLASH_DRV_Program
 .text.FLASH_DRV_ProgramCheck
                0x00015bcc       0xe0 ./bin/lib/40/S32K148_lib/lib_S32K148_sdk.a(flash_driver.o)
                0x00015bcc                FLASH_DRV_ProgramCheck
 .text.FLASH_DRV_SetFlexRamFunction
                0x00015cac       0x68 ./bin/lib/40/S32K148_lib/lib_S32K148_sdk.a(flash_driver.o)
                0x00015cac                FLASH_DRV_SetFlexRamFunction
 .text.FLASH_DRV_EEEWrite
                0x00015d14       0xc8 ./bin/lib/40/S32K148_lib/lib_S32K148_sdk.a(flash_driver.o)
                0x00015d14                FLASH_DRV_EEEWrite
 .text.FLASH_DRV_DEFlashPartition
                0x00015ddc       0x3c ./bin/lib/40/S32K148_lib/lib_S32K148_sdk.a(flash_driver.o)
                0x00015ddc                FLASH_DRV_DEFlashPartition
 .text.FLEXCAN_StartSendData
                0x00015e18       0xa0 ./bin/lib/40/S32K148_lib/lib_S32K148_sdk.a(flexcan_driver.o)
 .text.FLEXCAN_StartRxMessageBufferData
                0x00015eb8       0x80 ./bin/lib/40/S32K148_lib/lib_S32K148_sdk.a(flexcan_driver.o)
 .text.FLEXCAN_CompleteRxMessageFifoData
                0x00015f38       0xa8 ./bin/lib/40/S32K148_lib/lib_S32K148_sdk.a(flexcan_driver.o)
 .text.FLEXCAN_CompleteTransfer
                0x00015fe0       0x38 ./bin/lib/40/S32K148_lib/lib_S32K148_sdk.a(flexcan_driver.o)
 .text.FLEXCAN_DRV_SetBitrate
                0x00016018       0xa0 ./bin/lib/40/S32K148_lib/lib_S32K148_sdk.a(flexcan_driver.o)
                0x00016018                FLEXCAN_DRV_SetBitrate
 .text.FLEXCAN_DRV_SetBitrateCbt
                0x000160b8       0x68 ./bin/lib/40/S32K148_lib/lib_S32K148_sdk.a(flexcan_driver.o)
                0x000160b8                FLEXCAN_DRV_SetBitrateCbt
 .text.FLEXCAN_DRV_SetRxMaskType
                0x00016120       0x30 ./bin/lib/40/S32K148_lib/lib_S32K148_sdk.a(flexcan_driver.o)
                0x00016120                FLEXCAN_DRV_SetRxMaskType
 .text.FLEXCAN_DRV_SetRxIndividualMask
                0x00016150      0x118 ./bin/lib/40/S32K148_lib/lib_S32K148_sdk.a(flexcan_driver.o)
                0x00016150                FLEXCAN_DRV_SetRxIndividualMask
 .text.FLEXCAN_DRV_Init
                0x00016268      0x2f4 ./bin/lib/40/S32K148_lib/lib_S32K148_sdk.a(flexcan_driver.o)
                0x00016268                FLEXCAN_DRV_Init
 .text.FLEXCAN_DRV_ConfigTxMb
                0x0001655c       0x3c ./bin/lib/40/S32K148_lib/lib_S32K148_sdk.a(flexcan_driver.o)
                0x0001655c                FLEXCAN_DRV_ConfigTxMb
 .text.FLEXCAN_DRV_Send
                0x00016598       0x34 ./bin/lib/40/S32K148_lib/lib_S32K148_sdk.a(flexcan_driver.o)
                0x00016598                FLEXCAN_DRV_Send
 .text.FLEXCAN_DRV_ConfigRxMb
                0x000165cc       0x64 ./bin/lib/40/S32K148_lib/lib_S32K148_sdk.a(flexcan_driver.o)
                0x000165cc                FLEXCAN_DRV_ConfigRxMb
 .text.FLEXCAN_DRV_Receive
                0x00016630        0xa ./bin/lib/40/S32K148_lib/lib_S32K148_sdk.a(flexcan_driver.o)
                0x00016630                FLEXCAN_DRV_Receive
 *fill*         0x0001663a        0x2 
 .text.FLEXCAN_Error_IRQHandler
                0x0001663c       0x28 ./bin/lib/40/S32K148_lib/lib_S32K148_sdk.a(flexcan_driver.o)
                0x0001663c                FLEXCAN_Error_IRQHandler
 .text.FLEXCAN_WakeUpHandler
                0x00016664       0x6c ./bin/lib/40/S32K148_lib/lib_S32K148_sdk.a(flexcan_driver.o)
                0x00016664                FLEXCAN_WakeUpHandler
 .text.FLEXCAN_IRQHandler
                0x000166d0      0x1c0 ./bin/lib/40/S32K148_lib/lib_S32K148_sdk.a(flexcan_driver.o)
                0x000166d0                FLEXCAN_IRQHandler
 .text.FLEXCAN_DRV_GetTransferStatus
                0x00016890       0x24 ./bin/lib/40/S32K148_lib/lib_S32K148_sdk.a(flexcan_driver.o)
                0x00016890                FLEXCAN_DRV_GetTransferStatus
 .text.FLEXCAN_DRV_GetErrorStatus
                0x000168b4       0x10 ./bin/lib/40/S32K148_lib/lib_S32K148_sdk.a(flexcan_driver.o)
                0x000168b4                FLEXCAN_DRV_GetErrorStatus
 .text.FLEXCAN_DRV_AbortTransfer
                0x000168c4      0x14c ./bin/lib/40/S32K148_lib/lib_S32K148_sdk.a(flexcan_driver.o)
                0x000168c4                FLEXCAN_DRV_AbortTransfer
 .text.FLEXCAN_DRV_InstallEventCallback
                0x00016a10       0x14 ./bin/lib/40/S32K148_lib/lib_S32K148_sdk.a(flexcan_driver.o)
                0x00016a10                FLEXCAN_DRV_InstallEventCallback
 .text.FLEXCAN_DRV_InstallErrorCallback
                0x00016a24       0x94 ./bin/lib/40/S32K148_lib/lib_S32K148_sdk.a(flexcan_driver.o)
                0x00016a24                FLEXCAN_DRV_InstallErrorCallback
 .text.FLEXCAN_ComputePayloadSize
                0x00016ab8       0x36 ./bin/lib/40/S32K148_lib/lib_S32K148_sdk.a(flexcan_hw_access.o)
 *fill*         0x00016aee        0x2 
 .text.FLEXCAN_GetRxFifoMask
                0x00016af0       0x60 ./bin/lib/40/S32K148_lib/lib_S32K148_sdk.a(flexcan_hw_access.o)
                0x00016af0                FLEXCAN_GetRxFifoMask
 .text.FLEXCAN_GetMaxMbNum
                0x00016b50       0x2c ./bin/lib/40/S32K148_lib/lib_S32K148_sdk.a(flexcan_hw_access.o)
                0x00016b50                FLEXCAN_GetMaxMbNum
 .text.FLEXCAN_Enable
                0x00016b7c       0x2a ./bin/lib/40/S32K148_lib/lib_S32K148_sdk.a(flexcan_hw_access.o)
                0x00016b7c                FLEXCAN_Enable
 .text.FLEXCAN_Disable
                0x00016ba6       0x18 ./bin/lib/40/S32K148_lib/lib_S32K148_sdk.a(flexcan_hw_access.o)
                0x00016ba6                FLEXCAN_Disable
 *fill*         0x00016bbe        0x2 
 .text.FLEXCAN_Init
                0x00016bc0       0x64 ./bin/lib/40/S32K148_lib/lib_S32K148_sdk.a(flexcan_hw_access.o)
                0x00016bc0                FLEXCAN_Init
 .text.FLEXCAN_EnableRxFifo
                0x00016c24       0x50 ./bin/lib/40/S32K148_lib/lib_S32K148_sdk.a(flexcan_hw_access.o)
                0x00016c24                FLEXCAN_EnableRxFifo
 .text.FLEXCAN_SetMsgBuffIntCmd
                0x00016c74       0x3a ./bin/lib/40/S32K148_lib/lib_S32K148_sdk.a(flexcan_hw_access.o)
                0x00016c74                FLEXCAN_SetMsgBuffIntCmd
 .text.FLEXCAN_SetErrIntCmd
                0x00016cae       0x58 ./bin/lib/40/S32K148_lib/lib_S32K148_sdk.a(flexcan_hw_access.o)
                0x00016cae                FLEXCAN_SetErrIntCmd
 .text.FLEXCAN_ExitFreezeMode
                0x00016d06       0x1a ./bin/lib/40/S32K148_lib/lib_S32K148_sdk.a(flexcan_hw_access.o)
                0x00016d06                FLEXCAN_ExitFreezeMode
 .text.FLEXCAN_EnterFreezeMode
                0x00016d20       0x40 ./bin/lib/40/S32K148_lib/lib_S32K148_sdk.a(flexcan_hw_access.o)
                0x00016d20                FLEXCAN_EnterFreezeMode
 .text.FLEXCAN_ClearErrIntStatusFlag
                0x00016d60       0x14 ./bin/lib/40/S32K148_lib/lib_S32K148_sdk.a(flexcan_hw_access.o)
                0x00016d60                FLEXCAN_ClearErrIntStatusFlag
 .text.FLEXCAN_ReadRxFifo
                0x00016d74       0x4c ./bin/lib/40/S32K148_lib/lib_S32K148_sdk.a(flexcan_hw_access.o)
                0x00016d74                FLEXCAN_ReadRxFifo
 .text.FLEXCAN_SetOperationMode
                0x00016dc0       0x5e ./bin/lib/40/S32K148_lib/lib_S32K148_sdk.a(flexcan_hw_access.o)
                0x00016dc0                FLEXCAN_SetOperationMode
 .text.FLEXCAN_SetPayloadSize
                0x00016e1e       0x1a ./bin/lib/40/S32K148_lib/lib_S32K148_sdk.a(flexcan_hw_access.o)
                0x00016e1e                FLEXCAN_SetPayloadSize
 .text.FLEXCAN_GetPayloadSize
                0x00016e38       0x1e ./bin/lib/40/S32K148_lib/lib_S32K148_sdk.a(flexcan_hw_access.o)
                0x00016e38                FLEXCAN_GetPayloadSize
 .text.FLEXCAN_GetMsgBuffRegion
                0x00016e56       0x30 ./bin/lib/40/S32K148_lib/lib_S32K148_sdk.a(flexcan_hw_access.o)
                0x00016e56                FLEXCAN_GetMsgBuffRegion
 *fill*         0x00016e86        0x2 
 .text.FLEXCAN_SetTxMsgBuff
                0x00016e88      0x178 ./bin/lib/40/S32K148_lib/lib_S32K148_sdk.a(flexcan_hw_access.o)
                0x00016e88                FLEXCAN_SetTxMsgBuff
 .text.FLEXCAN_AbortTxMsgBuff
                0x00017000       0x14 ./bin/lib/40/S32K148_lib/lib_S32K148_sdk.a(flexcan_hw_access.o)
                0x00017000                FLEXCAN_AbortTxMsgBuff
 .text.FLEXCAN_ResetRxMsgBuff
                0x00017014       0x16 ./bin/lib/40/S32K148_lib/lib_S32K148_sdk.a(flexcan_hw_access.o)
                0x00017014                FLEXCAN_ResetRxMsgBuff
 *fill*         0x0001702a        0x2 
 .text.FLEXCAN_SetRxMsgBuff
                0x0001702c       0xc8 ./bin/lib/40/S32K148_lib/lib_S32K148_sdk.a(flexcan_hw_access.o)
                0x0001702c                FLEXCAN_SetRxMsgBuff
 .text.FLEXCAN_GetMsgBuff
                0x000170f4       0x90 ./bin/lib/40/S32K148_lib/lib_S32K148_sdk.a(flexcan_hw_access.o)
                0x000170f4                FLEXCAN_GetMsgBuff
 .text.FLEXCAN_LockRxMsgBuff
                0x00017184        0xa ./bin/lib/40/S32K148_lib/lib_S32K148_sdk.a(flexcan_hw_access.o)
                0x00017184                FLEXCAN_LockRxMsgBuff
 .text.FLEXCAN_SetMaxMsgBuffNum
                0x0001718e       0x96 ./bin/lib/40/S32K148_lib/lib_S32K148_sdk.a(flexcan_hw_access.o)
                0x0001718e                FLEXCAN_SetMaxMsgBuffNum
 .text.CAN0_ORed_IRQHandler
                0x00017224        0xa ./bin/lib/40/S32K148_lib/lib_S32K148_sdk.a(flexcan_irq.o)
                0x00017224                CAN0_ORed_IRQHandler
 .text.CAN0_Error_IRQHandler
                0x0001722e        0xa ./bin/lib/40/S32K148_lib/lib_S32K148_sdk.a(flexcan_irq.o)
                0x0001722e                CAN0_Error_IRQHandler
 .text.CAN0_Wake_Up_IRQHandler
                0x00017238        0xa ./bin/lib/40/S32K148_lib/lib_S32K148_sdk.a(flexcan_irq.o)
                0x00017238                CAN0_Wake_Up_IRQHandler
 .text.CAN0_ORed_0_15_MB_IRQHandler
                0x00017242        0xa ./bin/lib/40/S32K148_lib/lib_S32K148_sdk.a(flexcan_irq.o)
                0x00017242                CAN0_ORed_0_15_MB_IRQHandler
 .text.CAN0_ORed_16_31_MB_IRQHandler
                0x0001724c        0xa ./bin/lib/40/S32K148_lib/lib_S32K148_sdk.a(flexcan_irq.o)
                0x0001724c                CAN0_ORed_16_31_MB_IRQHandler
 .text.CAN1_ORed_IRQHandler
                0x00017256        0xa ./bin/lib/40/S32K148_lib/lib_S32K148_sdk.a(flexcan_irq.o)
                0x00017256                CAN1_ORed_IRQHandler
 .text.CAN1_Error_IRQHandler
                0x00017260        0xa ./bin/lib/40/S32K148_lib/lib_S32K148_sdk.a(flexcan_irq.o)
                0x00017260                CAN1_Error_IRQHandler
 .text.CAN1_ORed_0_15_MB_IRQHandler
                0x0001726a        0xa ./bin/lib/40/S32K148_lib/lib_S32K148_sdk.a(flexcan_irq.o)
                0x0001726a                CAN1_ORed_0_15_MB_IRQHandler
 .text.CAN1_ORed_16_31_MB_IRQHandler
                0x00017274        0xa ./bin/lib/40/S32K148_lib/lib_S32K148_sdk.a(flexcan_irq.o)
                0x00017274                CAN1_ORed_16_31_MB_IRQHandler
 .text.CAN2_ORed_IRQHandler
                0x0001727e        0xa ./bin/lib/40/S32K148_lib/lib_S32K148_sdk.a(flexcan_irq.o)
                0x0001727e                CAN2_ORed_IRQHandler
 .text.CAN2_Error_IRQHandler
                0x00017288        0xa ./bin/lib/40/S32K148_lib/lib_S32K148_sdk.a(flexcan_irq.o)
                0x00017288                CAN2_Error_IRQHandler
 .text.CAN2_ORed_0_15_MB_IRQHandler
                0x00017292        0xa ./bin/lib/40/S32K148_lib/lib_S32K148_sdk.a(flexcan_irq.o)
                0x00017292                CAN2_ORed_0_15_MB_IRQHandler
 .text.CAN2_ORed_16_31_MB_IRQHandler
                0x0001729c        0xa ./bin/lib/40/S32K148_lib/lib_S32K148_sdk.a(flexcan_irq.o)
                0x0001729c                CAN2_ORed_16_31_MB_IRQHandler
 *fill*         0x000172a6        0x2 
 .text.FTM_DRV_SetSync
                0x000172a8      0x1b4 ./bin/lib/40/S32K148_lib/lib_S32K148_sdk.a(ftm_common.o)
                0x000172a8                FTM_DRV_SetSync
 .text.FTM_DRV_ClearStatusFlags
                0x0001745c       0x8c ./bin/lib/40/S32K148_lib/lib_S32K148_sdk.a(ftm_common.o)
                0x0001745c                FTM_DRV_ClearStatusFlags
 .text.FTM_DRV_GetFrequency
                0x000174e8       0x78 ./bin/lib/40/S32K148_lib/lib_S32K148_sdk.a(ftm_common.o)
                0x000174e8                FTM_DRV_GetFrequency
 .text.FTM_DRV_Init
                0x00017560       0xe4 ./bin/lib/40/S32K148_lib/lib_S32K148_sdk.a(ftm_common.o)
                0x00017560                FTM_DRV_Init
 .text.FTM_DRV_ConvertFreqToPeriodTicks
                0x00017644       0x14 ./bin/lib/40/S32K148_lib/lib_S32K148_sdk.a(ftm_common.o)
                0x00017644                FTM_DRV_ConvertFreqToPeriodTicks
 .text.FTM_DRV_InitModule
                0x00017658       0x18 ./bin/lib/40/S32K148_lib/lib_S32K148_sdk.a(ftm_hw_access.o)
                0x00017658                FTM_DRV_InitModule
 .text.FTM_DRV_Reset
                0x00017670       0x9c ./bin/lib/40/S32K148_lib/lib_S32K148_sdk.a(ftm_hw_access.o)
                0x00017670                FTM_DRV_Reset
 .text.FTM_DRV_SetChnTriggerCmd
                0x0001770c       0x32 ./bin/lib/40/S32K148_lib/lib_S32K148_sdk.a(ftm_hw_access.o)
                0x0001770c                FTM_DRV_SetChnTriggerCmd
 .text.FTM_DRV_SetChnInputCaptureFilter
                0x0001773e       0x4e ./bin/lib/40/S32K148_lib/lib_S32K148_sdk.a(ftm_hw_access.o)
                0x0001773e                FTM_DRV_SetChnInputCaptureFilter
 .text.FTM_DRV_Overflow
                0x0001778c       0x40 ./bin/lib/40/S32K148_lib/lib_S32K148_sdk.a(ftm_ic_driver.o)
 .text.FTM_DRV_IrqHandler
                0x000177cc      0x260 ./bin/lib/40/S32K148_lib/lib_S32K148_sdk.a(ftm_ic_driver.o)
 .text.FTM_DRV_InitInputCapture
                0x00017a2c      0x2c0 ./bin/lib/40/S32K148_lib/lib_S32K148_sdk.a(ftm_ic_driver.o)
                0x00017a2c                FTM_DRV_InitInputCapture
 .text.FTM0_Ch0_Ch1_IRQHandler
                0x00017cec        0xc ./bin/lib/40/S32K148_lib/lib_S32K148_sdk.a(ftm_ic_driver.o)
                0x00017cec                FTM0_Ch0_Ch1_IRQHandler
 .text.FTM0_Ch2_Ch3_IRQHandler
                0x00017cf8        0xc ./bin/lib/40/S32K148_lib/lib_S32K148_sdk.a(ftm_ic_driver.o)
                0x00017cf8                FTM0_Ch2_Ch3_IRQHandler
 .text.FTM0_Ch4_Ch5_IRQHandler
                0x00017d04        0xc ./bin/lib/40/S32K148_lib/lib_S32K148_sdk.a(ftm_ic_driver.o)
                0x00017d04                FTM0_Ch4_Ch5_IRQHandler
 .text.FTM0_Ch6_Ch7_IRQHandler
                0x00017d10        0xc ./bin/lib/40/S32K148_lib/lib_S32K148_sdk.a(ftm_ic_driver.o)
                0x00017d10                FTM0_Ch6_Ch7_IRQHandler
 .text.FTM1_Ch0_Ch1_IRQHandler
                0x00017d1c        0xc ./bin/lib/40/S32K148_lib/lib_S32K148_sdk.a(ftm_ic_driver.o)
                0x00017d1c                FTM1_Ch0_Ch1_IRQHandler
 .text.FTM1_Ch2_Ch3_IRQHandler
                0x00017d28        0xc ./bin/lib/40/S32K148_lib/lib_S32K148_sdk.a(ftm_ic_driver.o)
                0x00017d28                FTM1_Ch2_Ch3_IRQHandler
 .text.FTM1_Ch4_Ch5_IRQHandler
                0x00017d34        0xc ./bin/lib/40/S32K148_lib/lib_S32K148_sdk.a(ftm_ic_driver.o)
                0x00017d34                FTM1_Ch4_Ch5_IRQHandler
 .text.FTM1_Ch6_Ch7_IRQHandler
                0x00017d40        0xc ./bin/lib/40/S32K148_lib/lib_S32K148_sdk.a(ftm_ic_driver.o)
                0x00017d40                FTM1_Ch6_Ch7_IRQHandler
 .text.FTM0_Ovf_Reload_IRQHandler
                0x00017d4c       0x1c ./bin/lib/40/S32K148_lib/lib_S32K148_sdk.a(ftm_ic_driver.o)
                0x00017d4c                FTM0_Ovf_Reload_IRQHandler
 .text.FTM1_Ovf_Reload_IRQHandler
                0x00017d68       0x1c ./bin/lib/40/S32K148_lib/lib_S32K148_sdk.a(ftm_ic_driver.o)
                0x00017d68                FTM1_Ovf_Reload_IRQHandler
 .text.FTM2_Ch0_Ch1_IRQHandler
                0x00017d84        0xc ./bin/lib/40/S32K148_lib/lib_S32K148_sdk.a(ftm_ic_driver.o)
                0x00017d84                FTM2_Ch0_Ch1_IRQHandler
 .text.FTM2_Ch2_Ch3_IRQHandler
                0x00017d90        0xc ./bin/lib/40/S32K148_lib/lib_S32K148_sdk.a(ftm_ic_driver.o)
                0x00017d90                FTM2_Ch2_Ch3_IRQHandler
 .text.FTM2_Ch4_Ch5_IRQHandler
                0x00017d9c        0xc ./bin/lib/40/S32K148_lib/lib_S32K148_sdk.a(ftm_ic_driver.o)
                0x00017d9c                FTM2_Ch4_Ch5_IRQHandler
 .text.FTM2_Ch6_Ch7_IRQHandler
                0x00017da8        0xc ./bin/lib/40/S32K148_lib/lib_S32K148_sdk.a(ftm_ic_driver.o)
                0x00017da8                FTM2_Ch6_Ch7_IRQHandler
 .text.FTM3_Ch0_Ch1_IRQHandler
                0x00017db4        0xc ./bin/lib/40/S32K148_lib/lib_S32K148_sdk.a(ftm_ic_driver.o)
                0x00017db4                FTM3_Ch0_Ch1_IRQHandler
 .text.FTM3_Ch2_Ch3_IRQHandler
                0x00017dc0        0xc ./bin/lib/40/S32K148_lib/lib_S32K148_sdk.a(ftm_ic_driver.o)
                0x00017dc0                FTM3_Ch2_Ch3_IRQHandler
 .text.FTM3_Ch4_Ch5_IRQHandler
                0x00017dcc        0xc ./bin/lib/40/S32K148_lib/lib_S32K148_sdk.a(ftm_ic_driver.o)
                0x00017dcc                FTM3_Ch4_Ch5_IRQHandler
 .text.FTM3_Ch6_Ch7_IRQHandler
                0x00017dd8        0xc ./bin/lib/40/S32K148_lib/lib_S32K148_sdk.a(ftm_ic_driver.o)
                0x00017dd8                FTM3_Ch6_Ch7_IRQHandler
 .text.FTM2_Ovf_Reload_IRQHandler
                0x00017de4       0x1c ./bin/lib/40/S32K148_lib/lib_S32K148_sdk.a(ftm_ic_driver.o)
                0x00017de4                FTM2_Ovf_Reload_IRQHandler
 .text.FTM3_Ovf_Reload_IRQHandler
                0x00017e00       0x1c ./bin/lib/40/S32K148_lib/lib_S32K148_sdk.a(ftm_ic_driver.o)
                0x00017e00                FTM3_Ovf_Reload_IRQHandler
 .text.FTM4_Ch0_Ch1_IRQHandler
                0x00017e1c        0xc ./bin/lib/40/S32K148_lib/lib_S32K148_sdk.a(ftm_ic_driver.o)
                0x00017e1c                FTM4_Ch0_Ch1_IRQHandler
 .text.FTM4_Ch2_Ch3_IRQHandler
                0x00017e28        0xc ./bin/lib/40/S32K148_lib/lib_S32K148_sdk.a(ftm_ic_driver.o)
                0x00017e28                FTM4_Ch2_Ch3_IRQHandler
 .text.FTM4_Ch4_Ch5_IRQHandler
                0x00017e34        0xc ./bin/lib/40/S32K148_lib/lib_S32K148_sdk.a(ftm_ic_driver.o)
                0x00017e34                FTM4_Ch4_Ch5_IRQHandler
 .text.FTM4_Ch6_Ch7_IRQHandler
                0x00017e40        0xc ./bin/lib/40/S32K148_lib/lib_S32K148_sdk.a(ftm_ic_driver.o)
                0x00017e40                FTM4_Ch6_Ch7_IRQHandler
 .text.FTM5_Ch0_Ch1_IRQHandler
                0x00017e4c        0xc ./bin/lib/40/S32K148_lib/lib_S32K148_sdk.a(ftm_ic_driver.o)
                0x00017e4c                FTM5_Ch0_Ch1_IRQHandler
 .text.FTM5_Ch2_Ch3_IRQHandler
                0x00017e58        0xc ./bin/lib/40/S32K148_lib/lib_S32K148_sdk.a(ftm_ic_driver.o)
                0x00017e58                FTM5_Ch2_Ch3_IRQHandler
 .text.FTM5_Ch4_Ch5_IRQHandler
                0x00017e64        0xc ./bin/lib/40/S32K148_lib/lib_S32K148_sdk.a(ftm_ic_driver.o)
                0x00017e64                FTM5_Ch4_Ch5_IRQHandler
 .text.FTM5_Ch6_Ch7_IRQHandler
                0x00017e70        0xc ./bin/lib/40/S32K148_lib/lib_S32K148_sdk.a(ftm_ic_driver.o)
                0x00017e70                FTM5_Ch6_Ch7_IRQHandler
 .text.FTM4_Ovf_Reload_IRQHandler
                0x00017e7c       0x1c ./bin/lib/40/S32K148_lib/lib_S32K148_sdk.a(ftm_ic_driver.o)
                0x00017e7c                FTM4_Ovf_Reload_IRQHandler
 .text.FTM5_Ovf_Reload_IRQHandler
                0x00017e98       0x1c ./bin/lib/40/S32K148_lib/lib_S32K148_sdk.a(ftm_ic_driver.o)
                0x00017e98                FTM5_Ovf_Reload_IRQHandler
 .text.FTM6_Ch0_Ch1_IRQHandler
                0x00017eb4        0xc ./bin/lib/40/S32K148_lib/lib_S32K148_sdk.a(ftm_ic_driver.o)
                0x00017eb4                FTM6_Ch0_Ch1_IRQHandler
 .text.FTM6_Ch2_Ch3_IRQHandler
                0x00017ec0        0xc ./bin/lib/40/S32K148_lib/lib_S32K148_sdk.a(ftm_ic_driver.o)
                0x00017ec0                FTM6_Ch2_Ch3_IRQHandler
 .text.FTM6_Ch4_Ch5_IRQHandler
                0x00017ecc        0xc ./bin/lib/40/S32K148_lib/lib_S32K148_sdk.a(ftm_ic_driver.o)
                0x00017ecc                FTM6_Ch4_Ch5_IRQHandler
 .text.FTM6_Ch6_Ch7_IRQHandler
                0x00017ed8        0xc ./bin/lib/40/S32K148_lib/lib_S32K148_sdk.a(ftm_ic_driver.o)
                0x00017ed8                FTM6_Ch6_Ch7_IRQHandler
 .text.FTM7_Ch0_Ch1_IRQHandler
                0x00017ee4        0xc ./bin/lib/40/S32K148_lib/lib_S32K148_sdk.a(ftm_ic_driver.o)
                0x00017ee4                FTM7_Ch0_Ch1_IRQHandler
 .text.FTM7_Ch2_Ch3_IRQHandler
                0x00017ef0        0xc ./bin/lib/40/S32K148_lib/lib_S32K148_sdk.a(ftm_ic_driver.o)
                0x00017ef0                FTM7_Ch2_Ch3_IRQHandler
 .text.FTM7_Ch4_Ch5_IRQHandler
                0x00017efc        0xc ./bin/lib/40/S32K148_lib/lib_S32K148_sdk.a(ftm_ic_driver.o)
                0x00017efc                FTM7_Ch4_Ch5_IRQHandler
 .text.FTM7_Ch6_Ch7_IRQHandler
                0x00017f08        0xc ./bin/lib/40/S32K148_lib/lib_S32K148_sdk.a(ftm_ic_driver.o)
                0x00017f08                FTM7_Ch6_Ch7_IRQHandler
 .text.FTM6_Ovf_Reload_IRQHandler
                0x00017f14       0x1c ./bin/lib/40/S32K148_lib/lib_S32K148_sdk.a(ftm_ic_driver.o)
                0x00017f14                FTM6_Ovf_Reload_IRQHandler
 .text.FTM7_Ovf_Reload_IRQHandler
                0x00017f30       0x1c ./bin/lib/40/S32K148_lib/lib_S32K148_sdk.a(ftm_ic_driver.o)
                0x00017f30                FTM7_Ovf_Reload_IRQHandler
 .text.FTM_DRV_UpdatePwmChannel
                0x00017f4c       0xf8 ./bin/lib/40/S32K148_lib/lib_S32K148_sdk.a(ftm_pwm_driver.o)
                0x00017f4c                FTM_DRV_UpdatePwmChannel
 .text.FTM_DRV_InitPwm
                0x00018044      0x63c ./bin/lib/40/S32K148_lib/lib_S32K148_sdk.a(ftm_pwm_driver.o)
                0x00018044                FTM_DRV_InitPwm
 .text.INT_SYS_InstallHandler
                0x00018680       0x30 ./bin/lib/40/S32K148_lib/lib_S32K148_sdk.a(interrupt_manager.o)
                0x00018680                INT_SYS_InstallHandler
 .text.INT_SYS_EnableIRQ
                0x000186b0       0x18 ./bin/lib/40/S32K148_lib/lib_S32K148_sdk.a(interrupt_manager.o)
                0x000186b0                INT_SYS_EnableIRQ
 .text.INT_SYS_DisableIRQ
                0x000186c8       0x1c ./bin/lib/40/S32K148_lib/lib_S32K148_sdk.a(interrupt_manager.o)
                0x000186c8                INT_SYS_DisableIRQ
 .text.INT_SYS_EnableIRQGlobal
                0x000186e4       0x1c ./bin/lib/40/S32K148_lib/lib_S32K148_sdk.a(interrupt_manager.o)
                0x000186e4                INT_SYS_EnableIRQGlobal
 .text.INT_SYS_DisableIRQGlobal
                0x00018700       0x10 ./bin/lib/40/S32K148_lib/lib_S32K148_sdk.a(interrupt_manager.o)
                0x00018700                INT_SYS_DisableIRQGlobal
 .text.INT_SYS_SetPriority
                0x00018710       0x58 ./bin/lib/40/S32K148_lib/lib_S32K148_sdk.a(interrupt_manager.o)
                0x00018710                INT_SYS_SetPriority
 .text.INT_SYS_ClearPending
                0x00018768       0x1c ./bin/lib/40/S32K148_lib/lib_S32K148_sdk.a(interrupt_manager.o)
                0x00018768                INT_SYS_ClearPending
 .text.LPI2C_DRV_MasterQueueData
                0x00018784       0x4c ./bin/lib/40/S32K148_lib/lib_S32K148_sdk.a(lpi2c_driver.o)
 .text.LPI2C_DRV_SlaveEndTransfer
                0x000187d0       0x4e ./bin/lib/40/S32K148_lib/lib_S32K148_sdk.a(lpi2c_driver.o)
 .text.LPI2C_DRV_MasterEndTransfer
                0x0001881e       0x68 ./bin/lib/40/S32K148_lib/lib_S32K148_sdk.a(lpi2c_driver.o)
 .text.LPI2C_DRV_SlaveEndTransferHandler
                0x00018886       0x3a ./bin/lib/40/S32K148_lib/lib_S32K148_sdk.a(lpi2c_driver.o)
 .text.LPI2C_DRV_ConfigureDmaTransfer
                0x000188c0       0x68 ./bin/lib/40/S32K148_lib/lib_S32K148_sdk.a(lpi2c_driver.o)
 .text.LPI2C_DRV_SlaveStartDmaTransfer
                0x00018928       0x9c ./bin/lib/40/S32K148_lib/lib_S32K148_sdk.a(lpi2c_driver.o)
 .text.LPI2C_DRV_MasterSetBaudRate
                0x000189c4      0x148 ./bin/lib/40/S32K148_lib/lib_S32K148_sdk.a(lpi2c_driver.o)
                0x000189c4                LPI2C_DRV_MasterSetBaudRate
 .text.LPI2C_DRV_MasterReinit
                0x00018b0c       0x60 ./bin/lib/40/S32K148_lib/lib_S32K148_sdk.a(lpi2c_driver.o)
 .text.LPI2C_DRV_MasterIRQHandler
                0x00018b6c      0x22c ./bin/lib/40/S32K148_lib/lib_S32K148_sdk.a(lpi2c_driver.o)
                0x00018b6c                LPI2C_DRV_MasterIRQHandler
 .text.LPI2C_DRV_SlaveIRQHandler
                0x00018d98      0x1b8 ./bin/lib/40/S32K148_lib/lib_S32K148_sdk.a(lpi2c_driver.o)
                0x00018d98                LPI2C_DRV_SlaveIRQHandler
 .text.LPI2C_Init
                0x00018f50       0x1e ./bin/lib/40/S32K148_lib/lib_S32K148_sdk.a(lpi2c_hw_access.o)
                0x00018f50                LPI2C_Init
 .text.LPI2C0_Master_IRQHandler
                0x00018f6e        0xa ./bin/lib/40/S32K148_lib/lib_S32K148_sdk.a(lpi2c_irq.o)
                0x00018f6e                LPI2C0_Master_IRQHandler
 .text.LPI2C0_Slave_IRQHandler
                0x00018f78        0xa ./bin/lib/40/S32K148_lib/lib_S32K148_sdk.a(lpi2c_irq.o)
                0x00018f78                LPI2C0_Slave_IRQHandler
 .text.LPI2C1_Master_IRQHandler
                0x00018f82        0xa ./bin/lib/40/S32K148_lib/lib_S32K148_sdk.a(lpi2c_irq.o)
                0x00018f82                LPI2C1_Master_IRQHandler
 .text.LPI2C1_Slave_IRQHandler
                0x00018f8c        0xa ./bin/lib/40/S32K148_lib/lib_S32K148_sdk.a(lpi2c_irq.o)
                0x00018f8c                LPI2C1_Slave_IRQHandler
 .text.LPSPI_SetFlushFifoCmd
                0x00018f96        0xe ./bin/lib/40/S32K148_lib/lib_S32K148_sdk.a(lpspi_hw_access.o)
                0x00018f96                LPSPI_SetFlushFifoCmd
 .text.LPSPI_ClearStatusFlag
                0x00018fa4       0x1e ./bin/lib/40/S32K148_lib/lib_S32K148_sdk.a(lpspi_hw_access.o)
                0x00018fa4                LPSPI_ClearStatusFlag
 .text.LPSPI0_IRQHandler
                0x00018fc2        0xa ./bin/lib/40/S32K148_lib/lib_S32K148_sdk.a(lpspi_irq.o)
                0x00018fc2                LPSPI0_IRQHandler
 .text.LPSPI1_IRQHandler
                0x00018fcc        0xa ./bin/lib/40/S32K148_lib/lib_S32K148_sdk.a(lpspi_irq.o)
                0x00018fcc                LPSPI1_IRQHandler
 .text.LPSPI2_IRQHandler
                0x00018fd6        0xa ./bin/lib/40/S32K148_lib/lib_S32K148_sdk.a(lpspi_irq.o)
                0x00018fd6                LPSPI2_IRQHandler
 .text.LPSPI_DRV_MasterCompleteTransfer
                0x00018fe0       0x78 ./bin/lib/40/S32K148_lib/lib_S32K148_sdk.a(lpspi_master_driver.o)
 .text.LPSPI_DRV_MasterAbortTransfer
                0x00019058       0x28 ./bin/lib/40/S32K148_lib/lib_S32K148_sdk.a(lpspi_master_driver.o)
                0x00019058                LPSPI_DRV_MasterAbortTransfer
 .text.LPSPI_DRV_MasterIRQHandler
                0x00019080       0xb4 ./bin/lib/40/S32K148_lib/lib_S32K148_sdk.a(lpspi_master_driver.o)
                0x00019080                LPSPI_DRV_MasterIRQHandler
 .text.LPSPI_DRV_SlaveAbortTransfer
                0x00019134       0x74 ./bin/lib/40/S32K148_lib/lib_S32K148_sdk.a(lpspi_slave_driver.o)
                0x00019134                LPSPI_DRV_SlaveAbortTransfer
 .text.LPSPI_DRV_SlaveIRQHandler
                0x000191a8       0xdc ./bin/lib/40/S32K148_lib/lib_S32K148_sdk.a(lpspi_slave_driver.o)
                0x000191a8                LPSPI_DRV_SlaveIRQHandler
 .text.LPSPI_DRV_IRQHandler
                0x00019284       0x28 ./bin/lib/40/S32K148_lib/lib_S32K148_sdk.a(lpspi_shared_function.o)
                0x00019284                LPSPI_DRV_IRQHandler
 .text.LPSPI_DRV_FillupTxBuffer
                0x000192ac       0xc0 ./bin/lib/40/S32K148_lib/lib_S32K148_sdk.a(lpspi_shared_function.o)
                0x000192ac                LPSPI_DRV_FillupTxBuffer
 .text.LPSPI_DRV_ReadRXBuffer
                0x0001936c       0x88 ./bin/lib/40/S32K148_lib/lib_S32K148_sdk.a(lpspi_shared_function.o)
                0x0001936c                LPSPI_DRV_ReadRXBuffer
 .text.LPSPI_DRV_DisableTEIEInterrupts
                0x000193f4       0x30 ./bin/lib/40/S32K148_lib/lib_S32K148_sdk.a(lpspi_shared_function.o)
                0x000193f4                LPSPI_DRV_DisableTEIEInterrupts
 .text.PDB_DRV_Init
                0x00019424       0x70 ./bin/lib/40/S32K148_lib/lib_S32K148_sdk.a(pdb_driver.o)
                0x00019424                PDB_DRV_Init
 .text.PDB_DRV_Enable
                0x00019494       0x14 ./bin/lib/40/S32K148_lib/lib_S32K148_sdk.a(pdb_driver.o)
                0x00019494                PDB_DRV_Enable
 .text.PDB_DRV_SoftTriggerCmd
                0x000194a8       0x14 ./bin/lib/40/S32K148_lib/lib_S32K148_sdk.a(pdb_driver.o)
                0x000194a8                PDB_DRV_SoftTriggerCmd
 .text.PDB_DRV_LoadValuesCmd
                0x000194bc       0x14 ./bin/lib/40/S32K148_lib/lib_S32K148_sdk.a(pdb_driver.o)
                0x000194bc                PDB_DRV_LoadValuesCmd
 .text.PDB_DRV_SetTimerModulusValue
                0x000194d0       0x18 ./bin/lib/40/S32K148_lib/lib_S32K148_sdk.a(pdb_driver.o)
                0x000194d0                PDB_DRV_SetTimerModulusValue
 .text.PDB_DRV_ConfigAdcPreTrigger
                0x000194e8       0x44 ./bin/lib/40/S32K148_lib/lib_S32K148_sdk.a(pdb_driver.o)
                0x000194e8                PDB_DRV_ConfigAdcPreTrigger
 .text.PDB_DRV_SetAdcPreTriggerDelayValue
                0x0001952c       0x24 ./bin/lib/40/S32K148_lib/lib_S32K148_sdk.a(pdb_driver.o)
                0x0001952c                PDB_DRV_SetAdcPreTriggerDelayValue
 .text.PDB_Init
                0x00019550       0x62 ./bin/lib/40/S32K148_lib/lib_S32K148_sdk.a(pdb_hw_access.o)
                0x00019550                PDB_Init
 *fill*         0x000195b2        0x2 
 .text.PDB_ConfigTimer
                0x000195b4       0x5c ./bin/lib/40/S32K148_lib/lib_S32K148_sdk.a(pdb_hw_access.o)
                0x000195b4                PDB_ConfigTimer
 .text.PDB_SetAdcPreTriggerBackToBackEnable
                0x00019610       0x32 ./bin/lib/40/S32K148_lib/lib_S32K148_sdk.a(pdb_hw_access.o)
                0x00019610                PDB_SetAdcPreTriggerBackToBackEnable
 .text.PDB_SetAdcPreTriggerOutputEnable
                0x00019642       0x2e ./bin/lib/40/S32K148_lib/lib_S32K148_sdk.a(pdb_hw_access.o)
                0x00019642                PDB_SetAdcPreTriggerOutputEnable
 .text.PDB_SetAdcPreTriggerEnable
                0x00019670       0x2a ./bin/lib/40/S32K148_lib/lib_S32K148_sdk.a(pdb_hw_access.o)
                0x00019670                PDB_SetAdcPreTriggerEnable
 .text.PINS_DRV_Init
                0x0001969a       0x22 ./bin/lib/40/S32K148_lib/lib_S32K148_sdk.a(pins_driver.o)
                0x0001969a                PINS_DRV_Init
 .text.PINS_DRV_SetPins
                0x000196bc        0x4 ./bin/lib/40/S32K148_lib/lib_S32K148_sdk.a(pins_driver.o)
                0x000196bc                PINS_DRV_SetPins
 .text.PINS_DRV_ClearPins
                0x000196c0        0x4 ./bin/lib/40/S32K148_lib/lib_S32K148_sdk.a(pins_driver.o)
                0x000196c0                PINS_DRV_ClearPins
 .text.PINS_DRV_TogglePins
                0x000196c4        0x4 ./bin/lib/40/S32K148_lib/lib_S32K148_sdk.a(pins_driver.o)
                0x000196c4                PINS_DRV_TogglePins
 .text.PINS_Init
                0x000196c8       0xda ./bin/lib/40/S32K148_lib/lib_S32K148_sdk.a(pins_port_hw_access.o)
                0x000196c8                PINS_Init
 *fill*         0x000197a2        0x2 
 .text.RTC_DRV_IRQHandler
                0x000197a4       0x7c ./bin/lib/40/S32K148_lib/lib_S32K148_sdk.a(rtc_driver.o)
                0x000197a4                RTC_DRV_IRQHandler
 .text.RTC_DRV_SecondsIRQHandler
                0x00019820       0x1c ./bin/lib/40/S32K148_lib/lib_S32K148_sdk.a(rtc_driver.o)
                0x00019820                RTC_DRV_SecondsIRQHandler
 .text.RTC_IRQHandler
                0x0001983c        0xa ./bin/lib/40/S32K148_lib/lib_S32K148_sdk.a(rtc_irq.o)
                0x0001983c                RTC_IRQHandler
 .text.RTC_Seconds_IRQHandler
                0x00019846        0xa ./bin/lib/40/S32K148_lib/lib_S32K148_sdk.a(rtc_irq.o)
                0x00019846                RTC_Seconds_IRQHandler
 .text.irq_priority_get
                0x00019850       0x50 ./bin/lib/40/S32K148_lib/lib_S32K148_sdk.a(irq_priority.o)
                0x00019850                irq_priority_get
 .text.irq_priority_set_all_predefined
                0x000198a0       0x50 ./bin/lib/40/S32K148_lib/lib_S32K148_sdk.a(irq_priority.o)
                0x000198a0                irq_priority_set_all_predefined
 .text.init_data_bss
                0x000198f0       0xf8 ./bin/lib/40/S32K148_lib/lib_S32K148_bsp_cfg.a(startup.o)
                0x000198f0                init_data_bss
 .text.ext_osif_Tick
                0x000199e8       0x10 ./bin/lib/40/S32K148_lib/lib_S32K148_bsp_cfg.a(osif_baremetal.o)
                0x000199e8                ext_osif_Tick
 .text.OSIF_TimeDelay
                0x000199f8       0x48 ./bin/lib/40/S32K148_lib/lib_S32K148_bsp_cfg.a(osif_baremetal.o)
                0x000199f8                OSIF_TimeDelay
 .text.OSIF_SemaPost
                0x00019a40       0x26 ./bin/lib/40/S32K148_lib/lib_S32K148_bsp_cfg.a(osif_baremetal.o)
                0x00019a40                OSIF_SemaPost
 .text.OSIF_SemaCreate
                0x00019a66       0x14 ./bin/lib/40/S32K148_lib/lib_S32K148_bsp_cfg.a(osif_baremetal.o)
                0x00019a66                OSIF_SemaCreate
 .text.OSIF_SemaDestroy
                0x00019a7a        0x4 ./bin/lib/40/S32K148_lib/lib_S32K148_bsp_cfg.a(osif_baremetal.o)
                0x00019a7a                OSIF_SemaDestroy
 .text.get_element_count_pdb_config_tbl
                0x00019a7e        0x4 ./bin/lib/40/S32K148_lib/lib_S32K148_bsp_cfg.a(pdb1.o)
                0x00019a7e                get_element_count_pdb_config_tbl
 *fill*         0x00019a82        0x2 
 .text.can_handle_check
                0x00019a84       0x34 ./bin/lib/40/S32K148_lib/lib_S32K148_hal_impl_s32k.a(hal_can_s32k.o)
 .text.hal_can_init
                0x00019ab8       0x78 ./bin/lib/40/S32K148_lib/lib_S32K148_hal_impl_s32k.a(hal_can_s32k.o)
                0x00019ab8                hal_can_init
 .text.hal_can_receive
                0x00019b30       0x7c ./bin/lib/40/S32K148_lib/lib_S32K148_hal_impl_s32k.a(hal_can_s32k.o)
                0x00019b30                hal_can_receive
 .text.hal_can_set_filter
                0x00019bac       0x50 ./bin/lib/40/S32K148_lib/lib_S32K148_hal_impl_s32k.a(hal_can_s32k.o)
                0x00019bac                hal_can_set_filter
 .text.hal_can_set_receive_callback
                0x00019bfc       0x16 ./bin/lib/40/S32K148_lib/lib_S32K148_hal_impl_s32k.a(hal_can_s32k.o)
                0x00019bfc                hal_can_set_receive_callback
 .text.hal_can_set_error_callback
                0x00019c12       0x16 ./bin/lib/40/S32K148_lib/lib_S32K148_hal_impl_s32k.a(hal_can_s32k.o)
                0x00019c12                hal_can_set_error_callback
 .text.hal_can_set_baudrate
                0x00019c28       0x84 ./bin/lib/40/S32K148_lib/lib_S32K148_hal_impl_s32k.a(hal_can_s32k.o)
                0x00019c28                hal_can_set_baudrate
 .text.hal_can_set_fd_data_baudrate
                0x00019cac       0x5c ./bin/lib/40/S32K148_lib/lib_S32K148_hal_impl_s32k.a(hal_can_s32k.o)
                0x00019cac                hal_can_set_fd_data_baudrate
 .text.hal_can_dlc_to_len
                0x00019d08       0x36 ./bin/lib/40/S32K148_lib/lib_S32K148_hal_impl_s32k.a(hal_can_s32k.o)
                0x00019d08                hal_can_dlc_to_len
 *fill*         0x00019d3e        0x2 
 .text.hal_can_send
                0x00019d40       0xa0 ./bin/lib/40/S32K148_lib/lib_S32K148_hal_impl_s32k.a(hal_can_s32k.o)
                0x00019d40                hal_can_send
 .text.hal_can_len_to_dlc
                0x00019de0       0x64 ./bin/lib/40/S32K148_lib/lib_S32K148_hal_impl_s32k.a(hal_can_s32k.o)
                0x00019de0                hal_can_len_to_dlc
 .text.hal_io_init
                0x00019e44       0x20 ./bin/lib/40/S32K148_lib/lib_S32K148_hal_impl_s32k.a(hal_io_s32k.o)
                0x00019e44                hal_io_init
 .text.hal_io_init_pin
                0x00019e64       0x44 ./bin/lib/40/S32K148_lib/lib_S32K148_hal_impl_s32k.a(hal_io_s32k.o)
                0x00019e64                hal_io_init_pin
 .text.hal_io_do_set
                0x00019ea8       0x74 ./bin/lib/40/S32K148_lib/lib_S32K148_hal_impl_s32k.a(hal_io_s32k.o)
                0x00019ea8                hal_io_do_set
 .text.hal_io_do_toggle
                0x00019f1c       0x44 ./bin/lib/40/S32K148_lib/lib_S32K148_hal_impl_s32k.a(hal_io_s32k.o)
                0x00019f1c                hal_io_do_toggle
 .text.get_ftm_setting_ptr
                0x00019f60       0x24 ./bin/lib/40/S32K148_lib/lib_S32K148_hal_impl_s32k.a(hal_pwm_s32k.o)
                0x00019f60                get_ftm_setting_ptr
 .text.hal_pwm_init
                0x00019f84      0x194 ./bin/lib/40/S32K148_lib/lib_S32K148_hal_impl_s32k.a(hal_pwm_s32k.o)
                0x00019f84                hal_pwm_init
 .text.hal_freq_init
                0x0001a118      0x100 ./bin/lib/40/S32K148_lib/lib_S32K148_hal_impl_s32k.a(hal_pwm_s32k.o)
                0x0001a118                hal_freq_init
 .text.hal_pwm_set_duty
                0x0001a218       0x80 ./bin/lib/40/S32K148_lib/lib_S32K148_hal_impl_s32k.a(hal_pwm_s32k.o)
                0x0001a218                hal_pwm_set_duty
 .text.hal_nvm_init
                0x0001a298       0x88 ./bin/lib/40/S32K148_lib/lib_S32K148_hal_impl_s32k.a(hal_nvm_s32k.o)
                0x0001a298                hal_nvm_init
 .text.hal_nvm_eeprom_write_by_address
                0x0001a320       0x20 ./bin/lib/40/S32K148_lib/lib_S32K148_hal_impl_s32k.a(hal_nvm_s32k.o)
                0x0001a320                hal_nvm_eeprom_write_by_address
 .text.hal_nvm_eeprom_read_by_address
                0x0001a340       0x1c ./bin/lib/40/S32K148_lib/lib_S32K148_hal_impl_s32k.a(hal_nvm_s32k.o)
                0x0001a340                hal_nvm_eeprom_read_by_address
 .text.set_callback_timer_1ms
                0x0001a35c        0xc ./bin/lib/40/S32K148_lib/lib_S32K148_hal_impl_s32k.a(hal_tick_s32k.o)
                0x0001a35c                set_callback_timer_1ms
 .text.hal_tick_init
                0x0001a368        0xc ./bin/lib/40/S32K148_lib/lib_S32K148_hal_impl_s32k.a(hal_tick_s32k.o)
                0x0001a368                hal_tick_init
 .text.hal_get_timestamp
                0x0001a374       0x1c ./bin/lib/40/S32K148_lib/lib_S32K148_hal_impl_s32k.a(hal_tick_s32k.o)
                0x0001a374                hal_get_timestamp
 .text.hal_tick_set_tick_next
                0x0001a390       0x1e ./bin/lib/40/S32K148_lib/lib_S32K148_hal_impl_s32k.a(hal_tick_s32k.o)
                0x0001a390                hal_tick_set_tick_next
 *fill*         0x0001a3ae        0x2 
 .text.hal_tick_set_tick
                0x0001a3b0      0x228 ./bin/lib/40/S32K148_lib/lib_S32K148_hal_impl_s32k.a(hal_tick_s32k.o)
                0x0001a3b0                hal_tick_set_tick
 .text.SysTick_Handler
                0x0001a5d8       0x28 ./bin/lib/40/S32K148_lib/lib_S32K148_hal_impl_s32k.a(hal_tick_s32k.o)
                0x0001a5d8                SysTick_Handler
 .text.kick_watchdog
                0x0001a600       0x50 ./bin/lib/40/S32K148_lib/lib_S32K148_hal_impl_s32k.a(hal_watchdog_s32k.o)
 .text.hal_watchdog_start
                0x0001a650       0x78 ./bin/lib/40/S32K148_lib/lib_S32K148_hal_impl_s32k.a(hal_watchdog_s32k.o)
                0x0001a650                hal_watchdog_start
 .text.hal_watchdog_mask
                0x0001a6c8       0x1c ./bin/lib/40/S32K148_lib/lib_S32K148_hal_impl_s32k.a(hal_watchdog_s32k.o)
                0x0001a6c8                hal_watchdog_mask
 .text.hal_watchdog_signal
                0x0001a6e4       0x90 ./bin/lib/40/S32K148_lib/lib_S32K148_hal_impl_s32k.a(hal_watchdog_s32k.o)
                0x0001a6e4                hal_watchdog_signal
 .text.hal_sys_disable_all_interrupts
                0x0001a774        0x4 ./bin/lib/40/S32K148_lib/lib_S32K148_hal_impl_s32k.a(hal_sys_s32k.o)
                0x0001a774                hal_sys_disable_all_interrupts
 .text.hal_sys_enable_all_interrupts
                0x0001a778        0x4 ./bin/lib/40/S32K148_lib/lib_S32K148_hal_impl_s32k.a(hal_sys_s32k.o)
                0x0001a778                hal_sys_enable_all_interrupts
 .text.init     0x0001a77c       0x24 ./bin/lib/40/S32K148_lib/lib_S32K148_bl_protocol.a(role.o)
 .text.role_constructor
                0x0001a7a0       0x30 ./bin/lib/40/S32K148_lib/lib_S32K148_bl_protocol.a(role.o)
 .text.role_dothis
                0x0001a7d0      0x178 ./bin/lib/40/S32K148_lib/lib_S32K148_bl_protocol.a(role.o)
                0x0001a7d0                role_dothis
 .text.role_play
                0x0001a948       0x34 ./bin/lib/40/S32K148_lib/lib_S32K148_bl_protocol.a(role.o)
                0x0001a948                role_play
 .text.role_private_play
                0x0001a97c       0x40 ./bin/lib/40/S32K148_lib/lib_S32K148_bl_protocol.a(role_phy_can.o)
 .text.role_private_dothis
                0x0001a9bc      0xa7c ./bin/lib/40/S32K148_lib/lib_S32K148_bl_protocol.a(role_phy_can.o)
 .text.role_phy_can_constructor
                0x0001b438       0x44 ./bin/lib/40/S32K148_lib/lib_S32K148_bl_protocol.a(role_phy_can.o)
                0x0001b438                role_phy_can_constructor
 .text.mult     0x0001b47c       0x36 ./bin/lib/40/S32K148_lib/lib_S32K148_bl_protocol.a(role_phy_tick.o)
 *fill*         0x0001b4b2        0x2 
 .text.role_phy_tick_update
                0x0001b4b4       0x50 ./bin/lib/40/S32K148_lib/lib_S32K148_bl_protocol.a(role_phy_tick.o)
 .text.role_private_play
                0x0001b504       0x20 ./bin/lib/40/S32K148_lib/lib_S32K148_bl_protocol.a(role_phy_tick.o)
 .text.role_phy_tick_timestamp
                0x0001b524       0x60 ./bin/lib/40/S32K148_lib/lib_S32K148_bl_protocol.a(role_phy_tick.o)
 .text.role_private_dothis
                0x0001b584      0x2c4 ./bin/lib/40/S32K148_lib/lib_S32K148_bl_protocol.a(role_phy_tick.o)
 .text.role_phy_tick_constructor
                0x0001b848       0x2c ./bin/lib/40/S32K148_lib/lib_S32K148_bl_protocol.a(role_phy_tick.o)
                0x0001b848                role_phy_tick_constructor
 .text.role_private_play
                0x0001b874       0x1c ./bin/lib/40/S32K148_lib/lib_S32K148_bl_protocol.a(role_phy_sys.o)
 .text.role_private_dothis
                0x0001b890      0x358 ./bin/lib/40/S32K148_lib/lib_S32K148_bl_protocol.a(role_phy_sys.o)
 .text.role_phy_sys_constructor
                0x0001bbe8       0x2c ./bin/lib/40/S32K148_lib/lib_S32K148_bl_protocol.a(role_phy_sys.o)
                0x0001bbe8                role_phy_sys_constructor
 .text.CCIF_Handler
                0x0001bc14       0x10 ./bin/lib/40/S32K148_lib/lib_S32K148_bl_protocol.a(role_phy_flash.o)
 .text.role_private_play
                0x0001bc24       0x1c ./bin/lib/40/S32K148_lib/lib_S32K148_bl_protocol.a(role_phy_flash.o)
 .text.role_private_dothis
                0x0001bc40      0x258 ./bin/lib/40/S32K148_lib/lib_S32K148_bl_protocol.a(role_phy_flash.o)
 .text.role_phy_flash_constructor
                0x0001be98       0x2c ./bin/lib/40/S32K148_lib/lib_S32K148_bl_protocol.a(role_phy_flash.o)
                0x0001be98                role_phy_flash_constructor
 .text.ee_version_get
                0x0001bec4       0xe8 ./bin/lib/40/S32K148_lib/lib_S32K148_bl_protocol.a(ee_helper.o)
                0x0001bec4                ee_version_get
 .text.ee_is_id_match
                0x0001bfac       0x64 ./bin/lib/40/S32K148_lib/lib_S32K148_bl_protocol.a(ee_helper.o)
                0x0001bfac                ee_is_id_match
 .text.ee_is_address_mapping_used
                0x0001c010       0x18 ./bin/lib/40/S32K148_lib/lib_S32K148_bl_protocol.a(ee_helper.o)
                0x0001c010                ee_is_address_mapping_used
 .text.bl_ee_binary_search
                0x0001c028      0x1d8 ./bin/lib/40/S32K148_lib/lib_S32K148_bl_protocol.a(ee_helper.o)
 .text.bl_ee_transform_addr
                0x0001c200       0xc8 ./bin/lib/40/S32K148_lib/lib_S32K148_bl_protocol.a(ee_helper.o)
 .text.ee_read  0x0001c2c8       0x4c ./bin/lib/40/S32K148_lib/lib_S32K148_bl_protocol.a(ee_helper.o)
                0x0001c2c8                ee_read
 .text.ee_write
                0x0001c314       0xa4 ./bin/lib/40/S32K148_lib/lib_S32K148_bl_protocol.a(ee_helper.o)
                0x0001c314                ee_write
 .text.ee_write_max32
                0x0001c3b8       0x12 ./bin/lib/40/S32K148_lib/lib_S32K148_bl_protocol.a(ee_helper.o)
                0x0001c3b8                ee_write_max32
 .text.bl_ee_working_addr
                0x0001c3ca       0x1a ./bin/lib/40/S32K148_lib/lib_S32K148_bl_protocol.a(ee_helper.o)
                0x0001c3ca                bl_ee_working_addr
 .text.ee_set_defaults
                0x0001c3e4      0x410 ./bin/lib/40/S32K148_lib/lib_S32K148_bl_protocol.a(ee_helper.o)
                0x0001c3e4                ee_set_defaults
 .text.bl_protocol_bl_set_eeprom_access
                0x0001c7f4       0x48 ./bin/lib/40/S32K148_lib/lib_S32K148_bl_protocol.a(role_protocol_bl.o)
 .text.bl_protocol_bl_set_flasher_state
                0x0001c83c       0x5c ./bin/lib/40/S32K148_lib/lib_S32K148_bl_protocol.a(role_protocol_bl.o)
 .text.get_crc8
                0x0001c898       0x40 ./bin/lib/40/S32K148_lib/lib_S32K148_bl_protocol.a(role_protocol_bl.o)
 .text.bl_protocol_bl_check_port_bit
                0x0001c8d8       0x24 ./bin/lib/40/S32K148_lib/lib_S32K148_bl_protocol.a(role_protocol_bl.o)
 .text.bl_protocol_bl_trigger_access
                0x0001c8fc       0x44 ./bin/lib/40/S32K148_lib/lib_S32K148_bl_protocol.a(role_protocol_bl.o)
 .text.bl_send_can_easy
                0x0001c940       0x60 ./bin/lib/40/S32K148_lib/lib_S32K148_bl_protocol.a(role_protocol_bl.o)
 .text.bl_protocol_can_ext_update
                0x0001c9a0       0xa0 ./bin/lib/40/S32K148_lib/lib_S32K148_bl_protocol.a(role_protocol_bl.o)
 .text.bl_protocol_bl_calc_can_ext_baud_and_save
                0x0001ca40       0xe4 ./bin/lib/40/S32K148_lib/lib_S32K148_bl_protocol.a(role_protocol_bl.o)
 .text.bl_protocol_bl_can_read_eeprom
                0x0001cb24       0x90 ./bin/lib/40/S32K148_lib/lib_S32K148_bl_protocol.a(role_protocol_bl.o)
 .text.bl_protocol_bl_can_write_eeprom
                0x0001cbb4      0x720 ./bin/lib/40/S32K148_lib/lib_S32K148_bl_protocol.a(role_protocol_bl.o)
 .text.bl_protocol_bl_set_program_state
                0x0001d2d4       0x80 ./bin/lib/40/S32K148_lib/lib_S32K148_bl_protocol.a(role_protocol_bl.o)
 .text.bl_protocol_bl_set_program_state_can
                0x0001d354       0x50 ./bin/lib/40/S32K148_lib/lib_S32K148_bl_protocol.a(role_protocol_bl.o)
 .text.bl_protocol_bl_set_startup_delay
                0x0001d3a4       0x98 ./bin/lib/40/S32K148_lib/lib_S32K148_bl_protocol.a(role_protocol_bl.o)
 .text.bl_protocol_bl_can_receive
                0x0001d43c      0x3a8 ./bin/lib/40/S32K148_lib/lib_S32K148_bl_protocol.a(role_protocol_bl.o)
 .text.role_private_play
                0x0001d7e4      0x9e8 ./bin/lib/40/S32K148_lib/lib_S32K148_bl_protocol.a(role_protocol_bl.o)
 .text.role_private_dothis
                0x0001e1cc     0x24a8 ./bin/lib/40/S32K148_lib/lib_S32K148_bl_protocol.a(role_protocol_bl.o)
 .text.role_protocol_bl_constructor
                0x00020674       0x2c ./bin/lib/40/S32K148_lib/lib_S32K148_bl_protocol.a(role_protocol_bl.o)
                0x00020674                role_protocol_bl_constructor
 .text.failure1
                0x000206a0        0x6 ./bin/lib/40/S32K148_lib/lib_S32K148_bl_protocol.a(misc.o)
                0x000206a0                failure1
 .text.failure3
                0x000206a6        0x6 ./bin/lib/40/S32K148_lib/lib_S32K148_bl_protocol.a(misc.o)
                0x000206a6                failure3
 .text.ringbuff_get_count
                0x000206ac        0xe ./bin/lib/40/S32K148_lib/lib_S32K148_bl_protocol.a(ring_buff.o)
                0x000206ac                ringbuff_get_count
 .text.ringbuff_push
                0x000206ba       0x6a ./bin/lib/40/S32K148_lib/lib_S32K148_bl_protocol.a(ring_buff.o)
                0x000206ba                ringbuff_push
 .text.ringbuff_read_shadow
                0x00020724       0x4e ./bin/lib/40/S32K148_lib/lib_S32K148_bl_protocol.a(ring_buff.o)
                0x00020724                ringbuff_read_shadow
 .text.ringbuff_read_shadow_ptr
                0x00020772       0x44 ./bin/lib/40/S32K148_lib/lib_S32K148_bl_protocol.a(ring_buff.o)
                0x00020772                ringbuff_read_shadow_ptr
 .text.ringbuff_pop_if_visited
                0x000207b6       0x48 ./bin/lib/40/S32K148_lib/lib_S32K148_bl_protocol.a(ring_buff.o)
                0x000207b6                ringbuff_pop_if_visited
 .text.ringbuff_unhide_if_hidden
                0x000207fe       0x32 ./bin/lib/40/S32K148_lib/lib_S32K148_bl_protocol.a(ring_buff.o)
                0x000207fe                ringbuff_unhide_if_hidden
 .text.memcmp   0x00020830       0x1c c:/users/viacheslav.makedon/appdata/local/applicsstudio/app-3.10.109/tools/gnuarmembedded/8.3.1/bin/../lib/gcc/arm-none-eabi/8.3.1/../../../../arm-none-eabi/lib/thumb/v7e-m+fp/hard\libc_nano.a(lib_a-memcmp.o)
                0x00020830                memcmp
 .text.memcpy   0x0002084c       0x1c c:/users/viacheslav.makedon/appdata/local/applicsstudio/app-3.10.109/tools/gnuarmembedded/8.3.1/bin/../lib/gcc/arm-none-eabi/8.3.1/../../../../arm-none-eabi/lib/thumb/v7e-m+fp/hard\libc_nano.a(lib_a-memcpy-stub.o)
                0x0002084c                memcpy
 .text.memset   0x00020868       0x10 c:/users/viacheslav.makedon/appdata/local/applicsstudio/app-3.10.109/tools/gnuarmembedded/8.3.1/bin/../lib/gcc/arm-none-eabi/8.3.1/../../../../arm-none-eabi/lib/thumb/v7e-m+fp/hard\libc_nano.a(lib_a-memset.o)
                0x00020868                memset
 *(.rodata)
 .rodata        0x00020878        0xc ./bin/obj/can_app.o
 .rodata        0x00020884       0x24 ./bin/lib/40/S32K148_lib/lib_S32K148_bl_protocol.a(role_phy_can.o)
 .rodata        0x000208a8       0x28 ./bin/lib/40/S32K148_lib/lib_S32K148_bl_protocol.a(role_phy_sys.o)
 .rodata        0x000208d0        0x2 ./bin/lib/40/S32K148_lib/lib_S32K148_bl_protocol.a(ee_helper.o)
 *(.rodata*)
 *fill*         0x000208d2        0x2 
 .rodata#       0x000208d4      0x12c ./bin/obj/can_db_tables.o
                0x000208d4                can_gateway_db_const
                0x000208d8                can_bus_db_const
                0x00020950                can_block_db_const
                0x000209d0                can_datenpunkt_db_const
 .rodata.adc_config_tbl
                0x00020a00      0x5a0 ./bin/obj/io_tables.o
                0x00020a00                adc_config_tbl
 .rodata.can_pin_list
                0x00020fa0        0xc ./bin/obj/modulhardwarecode.o
                0x00020fa0                can_pin_list
 .rodata.precalc_baud_map
                0x00020fac       0x1c ./bin/obj/sfl_can_db_tables_data.o
 .rodata.mgl_irq_prio
                0x00020fc8       0x3c ./bin/obj/irq_cfg.o
                0x00020fc8                mgl_irq_prio
 .rodata.s_adcBase
                0x00021004        0x8 ./bin/lib/40/S32K148_lib/lib_S32K148_sdk.a(adc_driver.o)
 .rodata.clockNameMappings
                0x0002100c       0xb8 ./bin/lib/40/S32K148_lib/lib_S32K148_sdk.a(clock_S32K1xx.o)
                0x0002100c                clockNameMappings
 .rodata.maxSysClksInHSRUN.8056
                0x000210c4       0x54 ./bin/lib/40/S32K148_lib/lib_S32K148_sdk.a(clock_S32K1xx.o)
 .rodata.maxSysClksInRUN.8055
                0x00021118       0x54 ./bin/lib/40/S32K148_lib/lib_S32K148_sdk.a(clock_S32K1xx.o)
 .rodata.maxSysClksInVLPR.8054
                0x0002116c       0x54 ./bin/lib/40/S32K148_lib/lib_S32K148_sdk.a(clock_S32K1xx.o)
 .rodata.peripheralFeaturesList
                0x000211c0       0x5c ./bin/lib/40/S32K148_lib/lib_S32K148_sdk.a(clock_S32K1xx.o)
                0x000211c0                peripheralFeaturesList
 .rodata.s_edmaIrqId
                0x0002121c       0x20 ./bin/lib/40/S32K148_lib/lib_S32K148_sdk.a(edma_driver.o)
 .rodata.g_flexcanBase
                0x0002123c        0xc ./bin/lib/40/S32K148_lib/lib_S32K148_sdk.a(flexcan_driver.o)
 .rodata.g_flexcanBusOffIrqId
                0x00021248        0x6 ./bin/lib/40/S32K148_lib/lib_S32K148_sdk.a(flexcan_driver.o)
 *fill*         0x0002124e        0x2 
 .rodata.g_flexcanErrorIrqId
                0x00021250        0x6 ./bin/lib/40/S32K148_lib/lib_S32K148_sdk.a(flexcan_driver.o)
 *fill*         0x00021256        0x2 
 .rodata.g_flexcanOredMessageBufferIrqId
                0x00021258        0xc ./bin/lib/40/S32K148_lib/lib_S32K148_sdk.a(flexcan_driver.o)
 .rodata.g_flexcanWakeUpIrqId
                0x00021264        0x6 ./bin/lib/40/S32K148_lib/lib_S32K148_sdk.a(flexcan_driver.o)
 *fill*         0x0002126a        0x2 
 .rodata.payload_code.7724
                0x0002126c       0x41 ./bin/lib/40/S32K148_lib/lib_S32K148_sdk.a(flexcan_hw_access.o)
 *fill*         0x000212ad        0x3 
 .rodata.g_ftmBase
                0x000212b0       0x20 ./bin/lib/40/S32K148_lib/lib_S32K148_sdk.a(ftm_common.o)
                0x000212b0                g_ftmBase
 .rodata.g_ftmExtClockSel
                0x000212d0       0x10 ./bin/lib/40/S32K148_lib/lib_S32K148_sdk.a(ftm_common.o)
 .rodata.g_ftmIrqId
                0x000212e0       0x80 ./bin/lib/40/S32K148_lib/lib_S32K148_sdk.a(ftm_common.o)
                0x000212e0                g_ftmIrqId
 .rodata.g_ftmOverflowIrqId
                0x00021360       0x10 ./bin/lib/40/S32K148_lib/lib_S32K148_sdk.a(ftm_common.o)
                0x00021360                g_ftmOverflowIrqId
 .rodata.g_lpi2cBase
                0x00021370        0x8 ./bin/lib/40/S32K148_lib/lib_S32K148_sdk.a(lpi2c_driver.o)
 .rodata.g_lpi2cClock
                0x00021378        0x2 ./bin/lib/40/S32K148_lib/lib_S32K148_sdk.a(lpi2c_driver.o)
 *fill*         0x0002137a        0x2 
 .rodata.g_lpi2cDMASrc
                0x0002137c        0x4 ./bin/lib/40/S32K148_lib/lib_S32K148_sdk.a(lpi2c_driver.o)
 .rodata.s_pdbBase
                0x00021380        0x8 ./bin/lib/40/S32K148_lib/lib_S32K148_sdk.a(pdb_driver.o)
 .rodata.s_pdbClkNames.7428
                0x00021388        0x2 ./bin/lib/40/S32K148_lib/lib_S32K148_sdk.a(pdb_driver.o)
 *fill*         0x0002138a        0x2 
 .rodata.s_pdbIrqId
                0x0002138c        0x4 ./bin/lib/40/S32K148_lib/lib_S32K148_sdk.a(pdb_driver.o)
 .rodata.adConv0_ConvConfig0
                0x00021390        0xb ./bin/lib/40/S32K148_lib/lib_S32K148_bsp_cfg.a(adConv1.o)
                0x00021390                adConv0_ConvConfig0
 *fill*         0x0002139b        0x1 
 .rodata.adConv1_ConvConfig0
                0x0002139c        0xb ./bin/lib/40/S32K148_lib/lib_S32K148_bsp_cfg.a(adConv1.o)
                0x0002139c                adConv1_ConvConfig0
 *fill*         0x000213a7        0x1 
 .rodata.can_fd_InitConfig
                0x000213a8       0x38 ./bin/lib/40/S32K148_lib/lib_S32K148_bsp_cfg.a(canCom1.o)
                0x000213a8                can_fd_InitConfig
 .rodata.can_hs_InitConfig
                0x000213e0       0x38 ./bin/lib/40/S32K148_lib/lib_S32K148_bsp_cfg.a(canCom1.o)
                0x000213e0                can_hs_InitConfig
 .rodata.clockMan1_InitConfig0
                0x00021418       0x78 ./bin/lib/40/S32K148_lib/lib_S32K148_bsp_cfg.a(clockMan1.o)
                0x00021418                clockMan1_InitConfig0
 .rodata.peripheralClockConfig0
                0x00021490       0xaa ./bin/lib/40/S32K148_lib/lib_S32K148_bsp_cfg.a(clockMan1.o)
                0x00021490                peripheralClockConfig0
 *fill*         0x0002153a        0x2 
 .rodata.dmaController1_InitConfig0
                0x0002153c        0x2 ./bin/lib/40/S32K148_lib/lib_S32K148_bsp_cfg.a(dmaController1.o)
                0x0002153c                dmaController1_InitConfig0
 *fill*         0x0002153e        0x2 
 .rodata.edmaChnConfigArray